Component: ARM Compiler 5.06 update 6 (build 750) Tool: armlink [4d35ed]

==============================================================================

Section Cross References

    main.o(i.GPIO_Configuration) refers to at32f4xx_gpio.o(i.GPIO_Init) for GPIO_Init
    main.o(i.NVIC_Configuration) refers to misc.o(i.NVIC_PriorityGroupConfig) for NVIC_PriorityGroupConfig
    main.o(i.NVIC_Configuration) refers to misc.o(i.NVIC_Init) for NVIC_Init
    main.o(i.RCC_Configuration) refers to at32f4xx_rcc.o(i.RCC_APB2PeriphClockCmd) for RCC_APB2PeriphClockCmd
    main.o(i.RCC_Configuration) refers to at32f4xx_rcc.o(i.RCC_APB1PeriphClockCmd) for RCC_APB1PeriphClockCmd
    main.o(i.main) refers to main.o(i.RCC_Configuration) for RCC_Configuration
    main.o(i.main) refers to main.o(i.NVIC_Configuration) for NVIC_Configuration
    main.o(i.main) refers to main.o(i.GPIO_Configuration) for GPIO_Configuration
    main.o(i.main) refers to at32_board.o(i.AT32_Board_Init) for AT32_Board_Init
    main.o(i.main) refers to at32f4xx_spi.o(i.SPI_DefaultInitParaConfig) for SPI_DefaultInitParaConfig
    main.o(i.main) refers to at32f4xx_spi.o(i.SPI_Init) for SPI_Init
    main.o(i.main) refers to at32f4xx_spi.o(i.SPI_I2S_INTConfig) for SPI_I2S_INTConfig
    main.o(i.main) refers to at32f4xx_spi.o(i.SPI_Enable) for SPI_Enable
    main.o(i.main) refers to main.o(i.Buffercmp) for Buffercmp
    main.o(i.main) refers to at32_board.o(i.AT32_LEDn_ON) for AT32_LEDn_ON
    main.o(i.main) refers to at32_board.o(i.AT32_LEDn_OFF) for AT32_LEDn_OFF
    main.o(i.main) refers to main.o(.bss) for SPI_InitStructure
    main.o(i.main) refers to main.o(.data) for RxIdx
    at32f4xx_it.o(i.SPI1_IRQHandler) refers to at32f4xx_spi.o(i.SPI_I2S_GetITStatus) for SPI_I2S_GetITStatus
    at32f4xx_it.o(i.SPI1_IRQHandler) refers to at32f4xx_spi.o(i.SPI_I2S_TxData) for SPI_I2S_TxData
    at32f4xx_it.o(i.SPI1_IRQHandler) refers to at32f4xx_spi.o(i.SPI_I2S_INTConfig) for SPI_I2S_INTConfig
    at32f4xx_it.o(i.SPI1_IRQHandler) refers to main.o(.data) for TxIdx
    at32f4xx_it.o(i.SPI2_I2S2EXT_IRQHandler) refers to at32f4xx_spi.o(i.SPI_I2S_RxData) for SPI_I2S_RxData
    at32f4xx_it.o(i.SPI2_I2S2EXT_IRQHandler) refers to main.o(.data) for RxIdx
    at32f4xx_it.o(i.SPI2_I2S2EXT_IRQHandler) refers to main.o(.bss) for SPI_SLAVE_Buffer_Rx
    at32_board.o(i.AT32_BUTTON_Init) refers to at32f4xx_rcc.o(i.RCC_APB2PeriphClockCmd) for RCC_APB2PeriphClockCmd
    at32_board.o(i.AT32_BUTTON_Init) refers to at32f4xx_gpio.o(i.GPIO_StructInit) for GPIO_StructInit
    at32_board.o(i.AT32_BUTTON_Init) refers to at32f4xx_gpio.o(i.GPIO_Init) for GPIO_Init
    at32_board.o(i.AT32_BUTTON_Init) refers to at32_board.o(.data) for BUTTON_GPIO_RCC_CLK
    at32_board.o(i.AT32_BUTTON_Press) refers to at32_board.o(i.AT32_BUTTON_State) for AT32_BUTTON_State
    at32_board.o(i.AT32_BUTTON_Press) refers to at32_board.o(i.Delay_ms) for Delay_ms
    at32_board.o(i.AT32_BUTTON_Press) refers to at32_board.o(.data) for Pressed
    at32_board.o(i.AT32_BUTTON_State) refers to at32f4xx_gpio.o(i.GPIO_ReadInputDataBit) for GPIO_ReadInputDataBit
    at32_board.o(i.AT32_BUTTON_State) refers to at32_board.o(.data) for BUTTON_GPIO_PIN
    at32_board.o(i.AT32_Board_Init) refers to at32_board.o(i.Delay_init) for Delay_init
    at32_board.o(i.AT32_Board_Init) refers to at32_board.o(i.AT32_LEDn_Init) for AT32_LEDn_Init
    at32_board.o(i.AT32_Board_Init) refers to at32_board.o(i.AT32_LEDn_OFF) for AT32_LEDn_OFF
    at32_board.o(i.AT32_Board_Init) refers to at32_board.o(i.AT32_BUTTON_Init) for AT32_BUTTON_Init
    at32_board.o(i.AT32_LEDn_Init) refers to at32f4xx_rcc.o(i.RCC_APB2PeriphClockCmd) for RCC_APB2PeriphClockCmd
    at32_board.o(i.AT32_LEDn_Init) refers to at32f4xx_gpio.o(i.GPIO_StructInit) for GPIO_StructInit
    at32_board.o(i.AT32_LEDn_Init) refers to at32f4xx_gpio.o(i.GPIO_Init) for GPIO_Init
    at32_board.o(i.AT32_LEDn_Init) refers to at32_board.o(.data) for LED_GPIO_RCC_CLK
    at32_board.o(i.AT32_LEDn_OFF) refers to at32_board.o(.data) for LED_GPIO_PIN
    at32_board.o(i.AT32_LEDn_ON) refers to at32_board.o(.data) for LED_GPIO_PIN
    at32_board.o(i.AT32_LEDn_Toggle) refers to at32_board.o(.data) for LED_GPIO_PIN
    at32_board.o(i.AT32_USB_GPIO_init) refers to at32f4xx_rcc.o(i.RCC_APB2PeriphClockCmd) for RCC_APB2PeriphClockCmd
    at32_board.o(i.AT32_USB_GPIO_init) refers to at32f4xx_gpio.o(i.GPIO_StructInit) for GPIO_StructInit
    at32_board.o(i.AT32_USB_GPIO_init) refers to at32f4xx_gpio.o(i.GPIO_Init) for GPIO_Init
    at32_board.o(i.AT32_USB_GPIO_init) refers to at32f4xx_gpio.o(i.GPIO_ResetBits) for GPIO_ResetBits
    at32_board.o(i.Delay_init) refers to misc.o(i.SysTick_CLKSourceConfig) for SysTick_CLKSourceConfig
    at32_board.o(i.Delay_init) refers to system_at32f4xx.o(.data) for SystemCoreClock
    at32_board.o(i.Delay_init) refers to at32_board.o(.data) for fac_us
    at32_board.o(i.Delay_ms) refers to at32_board.o(.data) for fac_ms
    at32_board.o(i.Delay_sec) refers to at32_board.o(i.Delay_ms) for Delay_ms
    at32_board.o(i.Delay_us) refers to at32_board.o(.data) for fac_us
    at32_board.o(i.UART_Print_Init) refers to at32f4xx_rcc.o(i.RCC_APB2PeriphClockCmd) for RCC_APB2PeriphClockCmd
    at32_board.o(i.UART_Print_Init) refers to at32f4xx_gpio.o(i.GPIO_StructInit) for GPIO_StructInit
    at32_board.o(i.UART_Print_Init) refers to at32f4xx_gpio.o(i.GPIO_Init) for GPIO_Init
    at32_board.o(i.UART_Print_Init) refers to at32f4xx_usart.o(i.USART_StructInit) for USART_StructInit
    at32_board.o(i.UART_Print_Init) refers to at32f4xx_usart.o(i.USART_Init) for USART_Init
    at32_board.o(i.UART_Print_Init) refers to at32f4xx_usart.o(i.USART_INTConfig) for USART_INTConfig
    at32_board.o(i.UART_Print_Init) refers to at32f4xx_usart.o(i.USART_Cmd) for USART_Cmd
    at32_board.o(i.fputc) refers to at32f4xx_usart.o(i.USART_SendData) for USART_SendData
    at32_board.o(i.fputc) refers to at32f4xx_usart.o(i.USART_GetFlagStatus) for USART_GetFlagStatus
    system_at32f4xx.o(i.SetSysClock) refers to system_at32f4xx.o(i.SetSysClockTo240M) for SetSysClockTo240M
    system_at32f4xx.o(i.SetSysClockTo240M) refers to at32f4xx_rcc.o(i.RCC_StepModeCmd) for RCC_StepModeCmd
    system_at32f4xx.o(i.SystemCoreClockUpdate) refers to system_at32f4xx.o(.data) for SystemCoreClock
    system_at32f4xx.o(i.SystemInit) refers to system_at32f4xx.o(i.SetSysClock) for SetSysClock
    startup_at32f403avgt7.o(RESET) refers to startup_at32f403avgt7.o(STACK) for __initial_sp
    startup_at32f403avgt7.o(RESET) refers to startup_at32f403avgt7.o(.text) for Reset_Handler
    startup_at32f403avgt7.o(RESET) refers to at32f4xx_it.o(i.NMI_Handler) for NMI_Handler
    startup_at32f403avgt7.o(RESET) refers to at32f4xx_it.o(i.HardFault_Handler) for HardFault_Handler
    startup_at32f403avgt7.o(RESET) refers to at32f4xx_it.o(i.MemManage_Handler) for MemManage_Handler
    startup_at32f403avgt7.o(RESET) refers to at32f4xx_it.o(i.BusFault_Handler) for BusFault_Handler
    startup_at32f403avgt7.o(RESET) refers to at32f4xx_it.o(i.UsageFault_Handler) for UsageFault_Handler
    startup_at32f403avgt7.o(RESET) refers to at32f4xx_it.o(i.SVC_Handler) for SVC_Handler
    startup_at32f403avgt7.o(RESET) refers to at32f4xx_it.o(i.DebugMon_Handler) for DebugMon_Handler
    startup_at32f403avgt7.o(RESET) refers to at32f4xx_it.o(i.PendSV_Handler) for PendSV_Handler
    startup_at32f403avgt7.o(RESET) refers to at32f4xx_it.o(i.SysTick_Handler) for SysTick_Handler
    startup_at32f403avgt7.o(RESET) refers to at32f4xx_it.o(i.SPI1_IRQHandler) for SPI1_IRQHandler
    startup_at32f403avgt7.o(RESET) refers to at32f4xx_it.o(i.SPI2_I2S2EXT_IRQHandler) for SPI2_I2S2EXT_IRQHandler
    startup_at32f403avgt7.o(.text) refers to system_at32f4xx.o(i.SystemInit) for SystemInit
    startup_at32f403avgt7.o(.text) refers to entry.o(.ARM.Collect$$$$00000000) for __main
    at32f4xx_gpio.o(i.GPIO_AFIOReset) refers to at32f4xx_rcc.o(i.RCC_APB2PeriphResetCmd) for RCC_APB2PeriphResetCmd
    at32f4xx_gpio.o(i.GPIO_Reset) refers to at32f4xx_rcc.o(i.RCC_APB2PeriphResetCmd) for RCC_APB2PeriphResetCmd
    at32f4xx_rcc.o(i.RCC_GetClocksFreq) refers to at32f4xx_rcc.o(.constdata) for APBAHBPscTable
    at32f4xx_rcc.o(i.RCC_WaitForHSEStable) refers to at32f4xx_rcc.o(i.RCC_GetFlagStatus) for RCC_GetFlagStatus
    at32f4xx_rcc.o(i.RCC_WaitForHSEStable) refers to at32f4xx_rcc.o(i.RCC_HSEENDelay) for RCC_HSEENDelay
    at32f4xx_spi.o(i.I2S_Init) refers to at32f4xx_rcc.o(i.RCC_GetClocksFreq) for RCC_GetClocksFreq
    at32f4xx_spi.o(i.SPI_I2S_Reset) refers to at32f4xx_rcc.o(i.RCC_APB2PeriphResetCmd) for RCC_APB2PeriphResetCmd
    at32f4xx_spi.o(i.SPI_I2S_Reset) refers to at32f4xx_rcc.o(i.RCC_APB1PeriphResetCmd) for RCC_APB1PeriphResetCmd
    at32f4xx_usart.o(i.USART_Init) refers to at32f4xx_rcc.o(i.RCC_GetClocksFreq) for RCC_GetClocksFreq
    at32f4xx_usart.o(i.USART_Init) refers to uldiv.o(.text) for __aeabi_uldivmod
    at32f4xx_usart.o(i.USART_Reset) refers to at32f4xx_rcc.o(i.RCC_APB2PeriphResetCmd) for RCC_APB2PeriphResetCmd
    at32f4xx_usart.o(i.USART_Reset) refers to at32f4xx_rcc.o(i.RCC_APB1PeriphResetCmd) for RCC_APB1PeriphResetCmd
    entry.o(.ARM.Collect$$$$00000000) refers (Special) to entry10a.o(.ARM.Collect$$$$0000000D) for __rt_final_cpp
    entry.o(.ARM.Collect$$$$00000000) refers (Special) to entry11a.o(.ARM.Collect$$$$0000000F) for __rt_final_exit
    entry.o(.ARM.Collect$$$$00000000) refers (Special) to entry7b.o(.ARM.Collect$$$$00000008) for _main_clock
    entry.o(.ARM.Collect$$$$00000000) refers (Special) to entry8b.o(.ARM.Collect$$$$0000000A) for _main_cpp_init
    entry.o(.ARM.Collect$$$$00000000) refers (Special) to entry9a.o(.ARM.Collect$$$$0000000B) for _main_init
    entry.o(.ARM.Collect$$$$00000000) refers (Special) to entry5.o(.ARM.Collect$$$$00000004) for _main_scatterload
    entry.o(.ARM.Collect$$$$00000000) refers (Special) to entry2.o(.ARM.Collect$$$$00000001) for _main_stk
    uldiv.o(.text) refers to llushr.o(.text) for __aeabi_llsr
    uldiv.o(.text) refers to llshl.o(.text) for __aeabi_llsl
    entry2.o(.ARM.Collect$$$$00000001) refers to entry2.o(.ARM.Collect$$$$00002712) for __lit__00000000
    entry2.o(.ARM.Collect$$$$00002712) refers to startup_at32f403avgt7.o(STACK) for __initial_sp
    entry2.o(__vectab_stack_and_reset_area) refers to startup_at32f403avgt7.o(STACK) for __initial_sp
    entry2.o(__vectab_stack_and_reset_area) refers to entry.o(.ARM.Collect$$$$00000000) for __main
    entry5.o(.ARM.Collect$$$$00000004) refers to init.o(.text) for __scatterload
    entry9a.o(.ARM.Collect$$$$0000000B) refers to main.o(i.main) for main
    entry9b.o(.ARM.Collect$$$$0000000C) refers to main.o(i.main) for main
    init.o(.text) refers to entry5.o(.ARM.Collect$$$$00000004) for __main_after_scatterload


==============================================================================

Removing Unused input sections from the image.

    Removing main.o(.rev16_text), (4 bytes).
    Removing main.o(.revsh_text), (4 bytes).
    Removing main.o(.rrx_text), (6 bytes).
    Removing at32f4xx_it.o(.rev16_text), (4 bytes).
    Removing at32f4xx_it.o(.revsh_text), (4 bytes).
    Removing at32f4xx_it.o(.rrx_text), (6 bytes).
    Removing at32_board.o(.rev16_text), (4 bytes).
    Removing at32_board.o(.revsh_text), (4 bytes).
    Removing at32_board.o(.rrx_text), (6 bytes).
    Removing at32_board.o(i.AT32_BUTTON_Press), (100 bytes).
    Removing at32_board.o(i.AT32_BUTTON_State), (32 bytes).
    Removing at32_board.o(i.AT32_LEDn_Toggle), (52 bytes).
    Removing at32_board.o(i.AT32_USB_GPIO_init), (60 bytes).
    Removing at32_board.o(i.Delay_ms), (112 bytes).
    Removing at32_board.o(i.Delay_sec), (34 bytes).
    Removing at32_board.o(i.Delay_us), (76 bytes).
    Removing at32_board.o(i.UART_Print_Init), (152 bytes).
    Removing at32_board.o(i._sys_exit), (4 bytes).
    Removing at32_board.o(i.fputc), (36 bytes).
    Removing system_at32f4xx.o(.rev16_text), (4 bytes).
    Removing system_at32f4xx.o(.revsh_text), (4 bytes).
    Removing system_at32f4xx.o(.rrx_text), (6 bytes).
    Removing system_at32f4xx.o(i.SystemCoreClockUpdate), (292 bytes).
    Removing startup_at32f403avgt7.o(HEAP), (512 bytes).
    Removing at32f4xx_dma.o(.rev16_text), (4 bytes).
    Removing at32f4xx_dma.o(.revsh_text), (4 bytes).
    Removing at32f4xx_dma.o(.rrx_text), (6 bytes).
    Removing at32f4xx_dma.o(i.DMA_ChannelEnable), (24 bytes).
    Removing at32f4xx_dma.o(i.DMA_ClearFlag), (28 bytes).
    Removing at32f4xx_dma.o(i.DMA_ClearITPendingBit), (28 bytes).
    Removing at32f4xx_dma.o(i.DMA_DefaultInitParaConfig), (26 bytes).
    Removing at32f4xx_dma.o(i.DMA_Flexible_Config), (210 bytes).
    Removing at32f4xx_dma.o(i.DMA_GetCurrDataCounter), (8 bytes).
    Removing at32f4xx_dma.o(i.DMA_GetFlagStatus), (44 bytes).
    Removing at32f4xx_dma.o(i.DMA_GetITStatus), (44 bytes).
    Removing at32f4xx_dma.o(i.DMA_INTConfig), (18 bytes).
    Removing at32f4xx_dma.o(i.DMA_Init), (60 bytes).
    Removing at32f4xx_dma.o(i.DMA_Reset), (332 bytes).
    Removing at32f4xx_dma.o(i.DMA_SetCurrDataCounter), (4 bytes).
    Removing at32f4xx_gpio.o(.rev16_text), (4 bytes).
    Removing at32f4xx_gpio.o(.revsh_text), (4 bytes).
    Removing at32f4xx_gpio.o(.rrx_text), (6 bytes).
    Removing at32f4xx_gpio.o(i.GPIO_AFIOReset), (20 bytes).
    Removing at32f4xx_gpio.o(i.GPIO_ETH_MediaInterfaceConfig), (12 bytes).
    Removing at32f4xx_gpio.o(i.GPIO_EXTILineConfig), (64 bytes).
    Removing at32f4xx_gpio.o(i.GPIO_EventOutputCmd), (12 bytes).
    Removing at32f4xx_gpio.o(i.GPIO_EventOutputConfig), (32 bytes).
    Removing at32f4xx_gpio.o(i.GPIO_PinsEnhanceSlewRate), (20 bytes).
    Removing at32f4xx_gpio.o(i.GPIO_PinsHugeDriven), (20 bytes).
    Removing at32f4xx_gpio.o(i.GPIO_PinsLockConfig), (18 bytes).
    Removing at32f4xx_gpio.o(i.GPIO_PinsRemapConfig), (1392 bytes).
    Removing at32f4xx_gpio.o(i.GPIO_ReadInputData), (8 bytes).
    Removing at32f4xx_gpio.o(i.GPIO_ReadInputDataBit), (18 bytes).
    Removing at32f4xx_gpio.o(i.GPIO_ReadOutputData), (8 bytes).
    Removing at32f4xx_gpio.o(i.GPIO_ReadOutputDataBit), (18 bytes).
    Removing at32f4xx_gpio.o(i.GPIO_Reset), (144 bytes).
    Removing at32f4xx_gpio.o(i.GPIO_ResetBits), (4 bytes).
    Removing at32f4xx_gpio.o(i.GPIO_SetBits), (4 bytes).
    Removing at32f4xx_gpio.o(i.GPIO_Write), (4 bytes).
    Removing at32f4xx_gpio.o(i.GPIO_WriteBit), (10 bytes).
    Removing at32f4xx_rcc.o(.rev16_text), (4 bytes).
    Removing at32f4xx_rcc.o(.revsh_text), (4 bytes).
    Removing at32f4xx_rcc.o(.rrx_text), (6 bytes).
    Removing at32f4xx_rcc.o(i.RCC_ADCCLKConfig), (28 bytes).
    Removing at32f4xx_rcc.o(i.RCC_AHBCLKConfig), (24 bytes).
    Removing at32f4xx_rcc.o(i.RCC_AHBPeriphClockCmd), (32 bytes).
    Removing at32f4xx_rcc.o(i.RCC_AHBPeriphResetCmd), (32 bytes).
    Removing at32f4xx_rcc.o(i.RCC_APB1CLKConfig), (24 bytes).
    Removing at32f4xx_rcc.o(i.RCC_APB1PeriphResetCmd), (32 bytes).
    Removing at32f4xx_rcc.o(i.RCC_APB2CLKConfig), (24 bytes).
    Removing at32f4xx_rcc.o(i.RCC_APB2PeriphResetCmd), (32 bytes).
    Removing at32f4xx_rcc.o(i.RCC_BackupResetCmd), (12 bytes).
    Removing at32f4xx_rcc.o(i.RCC_CLKOUTConfig), (80 bytes).
    Removing at32f4xx_rcc.o(i.RCC_ClearFlag), (20 bytes).
    Removing at32f4xx_rcc.o(i.RCC_ClearINTPendingBit), (12 bytes).
    Removing at32f4xx_rcc.o(i.RCC_GetClocksFreq), (376 bytes).
    Removing at32f4xx_rcc.o(i.RCC_GetFlagStatus), (60 bytes).
    Removing at32f4xx_rcc.o(i.RCC_GetINTStatus), (24 bytes).
    Removing at32f4xx_rcc.o(i.RCC_GetSYSCLKSelction), (16 bytes).
    Removing at32f4xx_rcc.o(i.RCC_HSEClockFailureDetectorCmd), (12 bytes).
    Removing at32f4xx_rcc.o(i.RCC_HSEConfig), (76 bytes).
    Removing at32f4xx_rcc.o(i.RCC_HSEDivConfig), (28 bytes).
    Removing at32f4xx_rcc.o(i.RCC_HSEENDelay), (12 bytes).
    Removing at32f4xx_rcc.o(i.RCC_HSI2SYS48M), (48 bytes).
    Removing at32f4xx_rcc.o(i.RCC_HSI2USB48M), (48 bytes).
    Removing at32f4xx_rcc.o(i.RCC_HSICmd), (12 bytes).
    Removing at32f4xx_rcc.o(i.RCC_INTConfig), (32 bytes).
    Removing at32f4xx_rcc.o(i.RCC_LSEConfig), (52 bytes).
    Removing at32f4xx_rcc.o(i.RCC_LSICmd), (12 bytes).
    Removing at32f4xx_rcc.o(i.RCC_MCO2TMR10), (36 bytes).
    Removing at32f4xx_rcc.o(i.RCC_PLLCmd), (12 bytes).
    Removing at32f4xx_rcc.o(i.RCC_PLLConfig), (36 bytes).
    Removing at32f4xx_rcc.o(i.RCC_RTCCLKCmd), (12 bytes).
    Removing at32f4xx_rcc.o(i.RCC_RTCCLKConfig), (16 bytes).
    Removing at32f4xx_rcc.o(i.RCC_Reset), (96 bytes).
    Removing at32f4xx_rcc.o(i.RCC_SYSCLKConfig), (24 bytes).
    Removing at32f4xx_rcc.o(i.RCC_SetHSICalibValue), (44 bytes).
    Removing at32f4xx_rcc.o(i.RCC_SetHSITweakValue), (24 bytes).
    Removing at32f4xx_rcc.o(i.RCC_USBCLKConfig), (24 bytes).
    Removing at32f4xx_rcc.o(i.RCC_USBINTRemap), (36 bytes).
    Removing at32f4xx_rcc.o(i.RCC_WaitForHSEStable), (64 bytes).
    Removing at32f4xx_rcc.o(.constdata), (16 bytes).
    Removing at32f4xx_spi.o(.rev16_text), (4 bytes).
    Removing at32f4xx_spi.o(.revsh_text), (4 bytes).
    Removing at32f4xx_spi.o(.rrx_text), (6 bytes).
    Removing at32f4xx_spi.o(i.I2S_DefaultInit), (20 bytes).
    Removing at32f4xx_spi.o(i.I2S_Enable), (24 bytes).
    Removing at32f4xx_spi.o(i.I2S_Init), (256 bytes).
    Removing at32f4xx_spi.o(i.SPI_CRCEN), (24 bytes).
    Removing at32f4xx_spi.o(i.SPI_FrameSizeConfig), (18 bytes).
    Removing at32f4xx_spi.o(i.SPI_GetCRC), (16 bytes).
    Removing at32f4xx_spi.o(i.SPI_GetCRCPolynomial), (6 bytes).
    Removing at32f4xx_spi.o(i.SPI_HalfDuplexTransModeConfig), (28 bytes).
    Removing at32f4xx_spi.o(i.SPI_I2S_ClearFlag), (6 bytes).
    Removing at32f4xx_spi.o(i.SPI_I2S_ClearINTPendingBit), (20 bytes).
    Removing at32f4xx_spi.o(i.SPI_I2S_DMAEnable), (18 bytes).
    Removing at32f4xx_spi.o(i.SPI_I2S_GetFlagStatus), (18 bytes).
    Removing at32f4xx_spi.o(i.SPI_I2S_Reset), (116 bytes).
    Removing at32f4xx_spi.o(i.SPI_NSSHardwareOutputEnable), (24 bytes).
    Removing at32f4xx_spi.o(i.SPI_NSSInternalSoftwareConfig), (30 bytes).
    Removing at32f4xx_spi.o(i.SPI_TxCRC), (10 bytes).
    Removing at32f4xx_usart.o(.rev16_text), (4 bytes).
    Removing at32f4xx_usart.o(.revsh_text), (4 bytes).
    Removing at32f4xx_usart.o(.rrx_text), (6 bytes).
    Removing at32f4xx_usart.o(i.USART_ClearFlag), (18 bytes).
    Removing at32f4xx_usart.o(i.USART_ClearITPendingBit), (30 bytes).
    Removing at32f4xx_usart.o(i.USART_ClockInit), (34 bytes).
    Removing at32f4xx_usart.o(i.USART_ClockStructInit), (12 bytes).
    Removing at32f4xx_usart.o(i.USART_Cmd), (24 bytes).
    Removing at32f4xx_usart.o(i.USART_DMACmd), (18 bytes).
    Removing at32f4xx_usart.o(i.USART_GetFlagStatus), (26 bytes).
    Removing at32f4xx_usart.o(i.USART_GetITStatus), (84 bytes).
    Removing at32f4xx_usart.o(i.USART_HalfDuplexCmd), (24 bytes).
    Removing at32f4xx_usart.o(i.USART_INTConfig), (74 bytes).
    Removing at32f4xx_usart.o(i.USART_Init), (276 bytes).
    Removing at32f4xx_usart.o(i.USART_IrDACmd), (24 bytes).
    Removing at32f4xx_usart.o(i.USART_IrDAConfig), (18 bytes).
    Removing at32f4xx_usart.o(i.USART_LINBreakDetectLengthConfig), (18 bytes).
    Removing at32f4xx_usart.o(i.USART_LINCmd), (24 bytes).
    Removing at32f4xx_usart.o(i.USART_ReceiveData), (10 bytes).
    Removing at32f4xx_usart.o(i.USART_ReceiverWakeUpCmd), (24 bytes).
    Removing at32f4xx_usart.o(i.USART_Reset), (244 bytes).
    Removing at32f4xx_usart.o(i.USART_SendBreak), (10 bytes).
    Removing at32f4xx_usart.o(i.USART_SendData), (8 bytes).
    Removing at32f4xx_usart.o(i.USART_SetAddress), (18 bytes).
    Removing at32f4xx_usart.o(i.USART_SetGuardTime), (16 bytes).
    Removing at32f4xx_usart.o(i.USART_SetPrescaler), (16 bytes).
    Removing at32f4xx_usart.o(i.USART_SmartCardCmd), (24 bytes).
    Removing at32f4xx_usart.o(i.USART_SmartCardNACKCmd), (24 bytes).
    Removing at32f4xx_usart.o(i.USART_StructInit), (24 bytes).
    Removing at32f4xx_usart.o(i.USART_WakeUpConfig), (18 bytes).
    Removing misc.o(.rev16_text), (4 bytes).
    Removing misc.o(.revsh_text), (4 bytes).
    Removing misc.o(.rrx_text), (6 bytes).
    Removing misc.o(i.NVIC_SetVectorTable), (20 bytes).
    Removing misc.o(i.NVIC_SystemLPConfig), (32 bytes).

156 unused section(s) (total 7662 bytes) removed from the image.

==============================================================================

Image Symbol Table

    Local Symbols

    Symbol Name                              Value     Ov Type        Size  Object(Section)

    ../clib/microlib/division.c              0x00000000   Number         0  uldiv.o ABSOLUTE
    ../clib/microlib/init/entry.s            0x00000000   Number         0  entry11b.o ABSOLUTE
    ../clib/microlib/init/entry.s            0x00000000   Number         0  entry7a.o ABSOLUTE
    ../clib/microlib/init/entry.s            0x00000000   Number         0  entry7b.o ABSOLUTE
    ../clib/microlib/init/entry.s            0x00000000   Number         0  entry8b.o ABSOLUTE
    ../clib/microlib/init/entry.s            0x00000000   Number         0  entry10a.o ABSOLUTE
    ../clib/microlib/init/entry.s            0x00000000   Number         0  entry.o ABSOLUTE
    ../clib/microlib/init/entry.s            0x00000000   Number         0  entry11a.o ABSOLUTE
    ../clib/microlib/init/entry.s            0x00000000   Number         0  entry10b.o ABSOLUTE
    ../clib/microlib/init/entry.s            0x00000000   Number         0  entry2.o ABSOLUTE
    ../clib/microlib/init/entry.s            0x00000000   Number         0  entry9b.o ABSOLUTE
    ../clib/microlib/init/entry.s            0x00000000   Number         0  entry8a.o ABSOLUTE
    ../clib/microlib/init/entry.s            0x00000000   Number         0  entry9a.o ABSOLUTE
    ../clib/microlib/init/entry.s            0x00000000   Number         0  entry5.o ABSOLUTE
    ../clib/microlib/longlong.c              0x00000000   Number         0  llushr.o ABSOLUTE
    ../clib/microlib/longlong.c              0x00000000   Number         0  llshl.o ABSOLUTE
    ../clib/microlib/stubs.s                 0x00000000   Number         0  useno.o ABSOLUTE
    ..\..\..\..\..\..\Libraries\AT32F4xx_StdPeriph_Driver\src\at32f4xx_dma.c 0x00000000   Number         0  at32f4xx_dma.o ABSOLUTE
    ..\..\..\..\..\..\Libraries\AT32F4xx_StdPeriph_Driver\src\at32f4xx_gpio.c 0x00000000   Number         0  at32f4xx_gpio.o ABSOLUTE
    ..\..\..\..\..\..\Libraries\AT32F4xx_StdPeriph_Driver\src\at32f4xx_rcc.c 0x00000000   Number         0  at32f4xx_rcc.o ABSOLUTE
    ..\..\..\..\..\..\Libraries\AT32F4xx_StdPeriph_Driver\src\at32f4xx_spi.c 0x00000000   Number         0  at32f4xx_spi.o ABSOLUTE
    ..\..\..\..\..\..\Libraries\AT32F4xx_StdPeriph_Driver\src\at32f4xx_usart.c 0x00000000   Number         0  at32f4xx_usart.o ABSOLUTE
    ..\..\..\..\..\..\Libraries\AT32F4xx_StdPeriph_Driver\src\misc.c 0x00000000   Number         0  misc.o ABSOLUTE
    ..\..\..\..\..\..\Libraries\CMSIS\CM4\DeviceSupport\startup\mdk\startup_at32f403avgt7.s 0x00000000   Number         0  startup_at32f403avgt7.o ABSOLUTE
    ..\..\..\..\..\AT32_Board\at32_board.c   0x00000000   Number         0  at32_board.o ABSOLUTE
    ..\\..\\..\\..\\..\\..\\Libraries\\AT32F4xx_StdPeriph_Driver\\src\\at32f4xx_dma.c 0x00000000   Number         0  at32f4xx_dma.o ABSOLUTE
    ..\\..\\..\\..\\..\\..\\Libraries\\AT32F4xx_StdPeriph_Driver\\src\\at32f4xx_gpio.c 0x00000000   Number         0  at32f4xx_gpio.o ABSOLUTE
    ..\\..\\..\\..\\..\\..\\Libraries\\AT32F4xx_StdPeriph_Driver\\src\\at32f4xx_rcc.c 0x00000000   Number         0  at32f4xx_rcc.o ABSOLUTE
    ..\\..\\..\\..\\..\\..\\Libraries\\AT32F4xx_StdPeriph_Driver\\src\\at32f4xx_spi.c 0x00000000   Number         0  at32f4xx_spi.o ABSOLUTE
    ..\\..\\..\\..\\..\\..\\Libraries\\AT32F4xx_StdPeriph_Driver\\src\\at32f4xx_usart.c 0x00000000   Number         0  at32f4xx_usart.o ABSOLUTE
    ..\\..\\..\\..\\..\\..\\Libraries\\AT32F4xx_StdPeriph_Driver\\src\\misc.c 0x00000000   Number         0  misc.o ABSOLUTE
    ..\\..\\..\\..\\..\\AT32_Board\\at32_board.c 0x00000000   Number         0  at32_board.o ABSOLUTE
    ..\\at32f4xx_it.c                        0x00000000   Number         0  at32f4xx_it.o ABSOLUTE
    ..\\main.c                               0x00000000   Number         0  main.o ABSOLUTE
    ..\\system_at32f4xx.c                    0x00000000   Number         0  system_at32f4xx.o ABSOLUTE
    ..\at32f4xx_it.c                         0x00000000   Number         0  at32f4xx_it.o ABSOLUTE
    ..\main.c                                0x00000000   Number         0  main.o ABSOLUTE
    ..\system_at32f4xx.c                     0x00000000   Number         0  system_at32f4xx.o ABSOLUTE
    dc.s                                     0x00000000   Number         0  dc.o ABSOLUTE
    handlers.s                               0x00000000   Number         0  handlers.o ABSOLUTE
    init.s                                   0x00000000   Number         0  init.o ABSOLUTE
    RESET                                    0x08000000   Section      380  startup_at32f403avgt7.o(RESET)
    .ARM.Collect$$$$00000000                 0x0800017c   Section        0  entry.o(.ARM.Collect$$$$00000000)
    .ARM.Collect$$$$00000001                 0x0800017c   Section        4  entry2.o(.ARM.Collect$$$$00000001)
    .ARM.Collect$$$$00000004                 0x08000180   Section        4  entry5.o(.ARM.Collect$$$$00000004)
    .ARM.Collect$$$$00000008                 0x08000184   Section        0  entry7b.o(.ARM.Collect$$$$00000008)
    .ARM.Collect$$$$0000000A                 0x08000184   Section        0  entry8b.o(.ARM.Collect$$$$0000000A)
    .ARM.Collect$$$$0000000B                 0x08000184   Section        8  entry9a.o(.ARM.Collect$$$$0000000B)
    .ARM.Collect$$$$0000000D                 0x0800018c   Section        0  entry10a.o(.ARM.Collect$$$$0000000D)
    .ARM.Collect$$$$0000000F                 0x0800018c   Section        0  entry11a.o(.ARM.Collect$$$$0000000F)
    .ARM.Collect$$$$00002712                 0x0800018c   Section        4  entry2.o(.ARM.Collect$$$$00002712)
    __lit__00000000                          0x0800018c   Data           4  entry2.o(.ARM.Collect$$$$00002712)
    .text                                    0x08000190   Section       36  startup_at32f403avgt7.o(.text)
    $v0                                      0x08000190   Number         0  startup_at32f403avgt7.o(.text)
    .text                                    0x080001b4   Section       36  init.o(.text)
    i.AT32_BUTTON_Init                       0x080001d8   Section        0  at32_board.o(i.AT32_BUTTON_Init)
    i.AT32_Board_Init                        0x08000218   Section        0  at32_board.o(i.AT32_Board_Init)
    i.AT32_LEDn_Init                         0x08000250   Section        0  at32_board.o(i.AT32_LEDn_Init)
    i.AT32_LEDn_OFF                          0x08000298   Section        0  at32_board.o(i.AT32_LEDn_OFF)
    i.AT32_LEDn_ON                           0x080002c0   Section        0  at32_board.o(i.AT32_LEDn_ON)
    i.Buffercmp                              0x080002e8   Section        0  main.o(i.Buffercmp)
    i.BusFault_Handler                       0x0800030c   Section        0  at32f4xx_it.o(i.BusFault_Handler)
    i.DebugMon_Handler                       0x08000310   Section        0  at32f4xx_it.o(i.DebugMon_Handler)
    i.Delay_init                             0x08000314   Section        0  at32_board.o(i.Delay_init)
    i.GPIO_Configuration                     0x0800034c   Section        0  main.o(i.GPIO_Configuration)
    i.GPIO_Init                              0x080003a0   Section        0  at32f4xx_gpio.o(i.GPIO_Init)
    i.GPIO_StructInit                        0x080004b6   Section        0  at32f4xx_gpio.o(i.GPIO_StructInit)
    i.HardFault_Handler                      0x080004c6   Section        0  at32f4xx_it.o(i.HardFault_Handler)
    i.MemManage_Handler                      0x080004ca   Section        0  at32f4xx_it.o(i.MemManage_Handler)
    i.NMI_Handler                            0x080004ce   Section        0  at32f4xx_it.o(i.NMI_Handler)
    i.NVIC_Configuration                     0x080004d0   Section        0  main.o(i.NVIC_Configuration)
    i.NVIC_Init                              0x08000514   Section        0  misc.o(i.NVIC_Init)
    i.NVIC_PriorityGroupConfig               0x08000584   Section        0  misc.o(i.NVIC_PriorityGroupConfig)
    i.PendSV_Handler                         0x08000598   Section        0  at32f4xx_it.o(i.PendSV_Handler)
    i.RCC_APB1PeriphClockCmd                 0x0800059c   Section        0  at32f4xx_rcc.o(i.RCC_APB1PeriphClockCmd)
    i.RCC_APB2PeriphClockCmd                 0x080005bc   Section        0  at32f4xx_rcc.o(i.RCC_APB2PeriphClockCmd)
    i.RCC_Configuration                      0x080005dc   Section        0  main.o(i.RCC_Configuration)
    i.RCC_StepModeCmd                        0x080005f4   Section        0  at32f4xx_rcc.o(i.RCC_StepModeCmd)
    i.SPI1_IRQHandler                        0x08000618   Section        0  at32f4xx_it.o(i.SPI1_IRQHandler)
    i.SPI2_I2S2EXT_IRQHandler                0x08000658   Section        0  at32f4xx_it.o(i.SPI2_I2S2EXT_IRQHandler)
    i.SPI_DefaultInitParaConfig              0x08000680   Section        0  at32f4xx_spi.o(i.SPI_DefaultInitParaConfig)
    i.SPI_Enable                             0x08000698   Section        0  at32f4xx_spi.o(i.SPI_Enable)
    i.SPI_I2S_GetITStatus                    0x080006b0   Section        0  at32f4xx_spi.o(i.SPI_I2S_GetITStatus)
    i.SPI_I2S_INTConfig                      0x080006e4   Section        0  at32f4xx_spi.o(i.SPI_I2S_INTConfig)
    i.SPI_I2S_RxData                         0x08000704   Section        0  at32f4xx_spi.o(i.SPI_I2S_RxData)
    i.SPI_I2S_TxData                         0x0800070a   Section        0  at32f4xx_spi.o(i.SPI_I2S_TxData)
    i.SPI_Init                               0x0800070e   Section        0  at32f4xx_spi.o(i.SPI_Init)
    i.SVC_Handler                            0x08000768   Section        0  at32f4xx_it.o(i.SVC_Handler)
    i.SetSysClock                            0x0800076a   Section        0  system_at32f4xx.o(i.SetSysClock)
    SetSysClock                              0x0800076b   Thumb Code     8  system_at32f4xx.o(i.SetSysClock)
    i.SetSysClockTo240M                      0x08000774   Section        0  system_at32f4xx.o(i.SetSysClockTo240M)
    SetSysClockTo240M                        0x08000775   Thumb Code   222  system_at32f4xx.o(i.SetSysClockTo240M)
    i.SysTick_CLKSourceConfig                0x08000860   Section        0  misc.o(i.SysTick_CLKSourceConfig)
    i.SysTick_Handler                        0x08000888   Section        0  at32f4xx_it.o(i.SysTick_Handler)
    i.SystemInit                             0x0800088c   Section        0  system_at32f4xx.o(i.SystemInit)
    i.UsageFault_Handler                     0x08000910   Section        0  at32f4xx_it.o(i.UsageFault_Handler)
    i.__scatterload_copy                     0x08000914   Section       14  handlers.o(i.__scatterload_copy)
    i.__scatterload_null                     0x08000922   Section        2  handlers.o(i.__scatterload_null)
    i.__scatterload_zeroinit                 0x08000924   Section       14  handlers.o(i.__scatterload_zeroinit)
    i.main                                   0x08000934   Section        0  main.o(i.main)
    .data                                    0x20000000   Section       35  main.o(.data)
    .data                                    0x20000024   Section       73  at32_board.o(.data)
    fac_us                                   0x20000064   Data           4  at32_board.o(.data)
    fac_ms                                   0x20000068   Data           4  at32_board.o(.data)
    Pressed                                  0x2000006c   Data           1  at32_board.o(.data)
    .data                                    0x20000070   Section       20  system_at32f4xx.o(.data)
    .bss                                     0x20000084   Section       50  main.o(.bss)
    STACK                                    0x200000b8   Section     1024  startup_at32f403avgt7.o(STACK)

    Global Symbols

    Symbol Name                              Value     Ov Type        Size  Object(Section)

    BuildAttributes$$THM_ISAv4$E$P$D$K$B$S$7EM$VFPi3$EXTD16$VFPS$VFMA$PE$A:L22UL41UL21$X:L11$S22US41US21$IEEE1$IW$USESV6$~STKCKD$USESV7$~SHL$OSPACE$EBA8$MICROLIB$REQ8$PRES8$EABIv2 0x00000000   Number         0  anon$$obj.o ABSOLUTE
    __ARM_use_no_argv                        0x00000000   Number         0  main.o ABSOLUTE
    __use_no_errno                           0x00000000   Number         0  useno.o ABSOLUTE
    __use_no_exception_handling              0x00000000   Number         0  useno.o ABSOLUTE
    __use_no_fp                              0x00000000   Number         0  useno.o ABSOLUTE
    __use_no_heap                            0x00000000   Number         0  useno.o ABSOLUTE
    __use_no_heap_region                     0x00000000   Number         0  useno.o ABSOLUTE
    __use_no_semihosting                     0x00000000   Number         0  useno.o ABSOLUTE
    __use_no_semihosting_swi                 0x00000000   Number         0  useno.o ABSOLUTE
    __use_no_signal_handling                 0x00000000   Number         0  useno.o ABSOLUTE
    __cpp_initialize__aeabi_                  - Undefined Weak Reference
    __cxa_finalize                            - Undefined Weak Reference
    __decompress                              - Undefined Weak Reference
    _clock_init                               - Undefined Weak Reference
    _microlib_exit                            - Undefined Weak Reference
    __Vectors_Size                           0x0000017c   Number         0  startup_at32f403avgt7.o ABSOLUTE
    __Vectors                                0x08000000   Data           4  startup_at32f403avgt7.o(RESET)
    __Vectors_End                            0x0800017c   Data           0  startup_at32f403avgt7.o(RESET)
    __main                                   0x0800017d   Thumb Code     0  entry.o(.ARM.Collect$$$$00000000)
    _main_stk                                0x0800017d   Thumb Code     0  entry2.o(.ARM.Collect$$$$00000001)
    _main_scatterload                        0x08000181   Thumb Code     0  entry5.o(.ARM.Collect$$$$00000004)
    __main_after_scatterload                 0x08000185   Thumb Code     0  entry5.o(.ARM.Collect$$$$00000004)
    _main_clock                              0x08000185   Thumb Code     0  entry7b.o(.ARM.Collect$$$$00000008)
    _main_cpp_init                           0x08000185   Thumb Code     0  entry8b.o(.ARM.Collect$$$$0000000A)
    _main_init                               0x08000185   Thumb Code     0  entry9a.o(.ARM.Collect$$$$0000000B)
    __rt_final_cpp                           0x0800018d   Thumb Code     0  entry10a.o(.ARM.Collect$$$$0000000D)
    __rt_final_exit                          0x0800018d   Thumb Code     0  entry11a.o(.ARM.Collect$$$$0000000F)
    Reset_Handler                            0x08000191   Thumb Code     8  startup_at32f403avgt7.o(.text)
    ACC_IRQHandler                           0x080001ab   Thumb Code     0  startup_at32f403avgt7.o(.text)
    ADC1_2_IRQHandler                        0x080001ab   Thumb Code     0  startup_at32f403avgt7.o(.text)
    ADC3_IRQHandler                          0x080001ab   Thumb Code     0  startup_at32f403avgt7.o(.text)
    CAN1_RX1_IRQHandler                      0x080001ab   Thumb Code     0  startup_at32f403avgt7.o(.text)
    CAN1_SCE_IRQHandler                      0x080001ab   Thumb Code     0  startup_at32f403avgt7.o(.text)
    CAN2_RX0_IRQHandler                      0x080001ab   Thumb Code     0  startup_at32f403avgt7.o(.text)
    CAN2_RX1_IRQHandler                      0x080001ab   Thumb Code     0  startup_at32f403avgt7.o(.text)
    CAN2_SCE_IRQHandler                      0x080001ab   Thumb Code     0  startup_at32f403avgt7.o(.text)
    CAN2_TX_IRQHandler                       0x080001ab   Thumb Code     0  startup_at32f403avgt7.o(.text)
    DMA1_Channel1_IRQHandler                 0x080001ab   Thumb Code     0  startup_at32f403avgt7.o(.text)
    DMA1_Channel2_IRQHandler                 0x080001ab   Thumb Code     0  startup_at32f403avgt7.o(.text)
    DMA1_Channel3_IRQHandler                 0x080001ab   Thumb Code     0  startup_at32f403avgt7.o(.text)
    DMA1_Channel4_IRQHandler                 0x080001ab   Thumb Code     0  startup_at32f403avgt7.o(.text)
    DMA1_Channel5_IRQHandler                 0x080001ab   Thumb Code     0  startup_at32f403avgt7.o(.text)
    DMA1_Channel6_IRQHandler                 0x080001ab   Thumb Code     0  startup_at32f403avgt7.o(.text)
    DMA1_Channel7_IRQHandler                 0x080001ab   Thumb Code     0  startup_at32f403avgt7.o(.text)
    DMA2_Channel1_IRQHandler                 0x080001ab   Thumb Code     0  startup_at32f403avgt7.o(.text)
    DMA2_Channel2_IRQHandler                 0x080001ab   Thumb Code     0  startup_at32f403avgt7.o(.text)
    DMA2_Channel3_IRQHandler                 0x080001ab   Thumb Code     0  startup_at32f403avgt7.o(.text)
    DMA2_Channel4_5_IRQHandler               0x080001ab   Thumb Code     0  startup_at32f403avgt7.o(.text)
    DMA2_Channel6_7_IRQHandler               0x080001ab   Thumb Code     0  startup_at32f403avgt7.o(.text)
    EXTI0_IRQHandler                         0x080001ab   Thumb Code     0  startup_at32f403avgt7.o(.text)
    EXTI15_10_IRQHandler                     0x080001ab   Thumb Code     0  startup_at32f403avgt7.o(.text)
    EXTI1_IRQHandler                         0x080001ab   Thumb Code     0  startup_at32f403avgt7.o(.text)
    EXTI2_IRQHandler                         0x080001ab   Thumb Code     0  startup_at32f403avgt7.o(.text)
    EXTI3_IRQHandler                         0x080001ab   Thumb Code     0  startup_at32f403avgt7.o(.text)
    EXTI4_IRQHandler                         0x080001ab   Thumb Code     0  startup_at32f403avgt7.o(.text)
    EXTI9_5_IRQHandler                       0x080001ab   Thumb Code     0  startup_at32f403avgt7.o(.text)
    FLASH_IRQHandler                         0x080001ab   Thumb Code     0  startup_at32f403avgt7.o(.text)
    I2C1_ER_IRQHandler                       0x080001ab   Thumb Code     0  startup_at32f403avgt7.o(.text)
    I2C1_EV_IRQHandler                       0x080001ab   Thumb Code     0  startup_at32f403avgt7.o(.text)
    I2C2_ER_IRQHandler                       0x080001ab   Thumb Code     0  startup_at32f403avgt7.o(.text)
    I2C2_EV_IRQHandler                       0x080001ab   Thumb Code     0  startup_at32f403avgt7.o(.text)
    I2C3_ER_IRQHandler                       0x080001ab   Thumb Code     0  startup_at32f403avgt7.o(.text)
    I2C3_EV_IRQHandler                       0x080001ab   Thumb Code     0  startup_at32f403avgt7.o(.text)
    PVD_IRQHandler                           0x080001ab   Thumb Code     0  startup_at32f403avgt7.o(.text)
    RCC_IRQHandler                           0x080001ab   Thumb Code     0  startup_at32f403avgt7.o(.text)
    RTCAlarm_IRQHandler                      0x080001ab   Thumb Code     0  startup_at32f403avgt7.o(.text)
    RTC_IRQHandler                           0x080001ab   Thumb Code     0  startup_at32f403avgt7.o(.text)
    SDIO1_IRQHandler                         0x080001ab   Thumb Code     0  startup_at32f403avgt7.o(.text)
    SDIO2_IRQHandler                         0x080001ab   Thumb Code     0  startup_at32f403avgt7.o(.text)
    SPI3_I2S3EXT_IRQHandler                  0x080001ab   Thumb Code     0  startup_at32f403avgt7.o(.text)
    SPI4_IRQHandler                          0x080001ab   Thumb Code     0  startup_at32f403avgt7.o(.text)
    TAMPER_IRQHandler                        0x080001ab   Thumb Code     0  startup_at32f403avgt7.o(.text)
    TMR1_BRK_TMR9_IRQHandler                 0x080001ab   Thumb Code     0  startup_at32f403avgt7.o(.text)
    TMR1_CC_IRQHandler                       0x080001ab   Thumb Code     0  startup_at32f403avgt7.o(.text)
    TMR1_OV_TMR10_IRQHandler                 0x080001ab   Thumb Code     0  startup_at32f403avgt7.o(.text)
    TMR1_TRG_COM_TMR11_IRQHandler            0x080001ab   Thumb Code     0  startup_at32f403avgt7.o(.text)
    TMR2_GLOBAL_IRQHandler                   0x080001ab   Thumb Code     0  startup_at32f403avgt7.o(.text)
    TMR3_GLOBAL_IRQHandler                   0x080001ab   Thumb Code     0  startup_at32f403avgt7.o(.text)
    TMR4_GLOBAL_IRQHandler                   0x080001ab   Thumb Code     0  startup_at32f403avgt7.o(.text)
    TMR5_GLOBAL_IRQHandler                   0x080001ab   Thumb Code     0  startup_at32f403avgt7.o(.text)
    TMR6_GLOBAL_IRQHandler                   0x080001ab   Thumb Code     0  startup_at32f403avgt7.o(.text)
    TMR7_GLOBAL_IRQHandler                   0x080001ab   Thumb Code     0  startup_at32f403avgt7.o(.text)
    TMR8_BRK_TMR12_IRQHandler                0x080001ab   Thumb Code     0  startup_at32f403avgt7.o(.text)
    TMR8_CC_IRQHandler                       0x080001ab   Thumb Code     0  startup_at32f403avgt7.o(.text)
    TMR8_OV_TMR13_IRQHandler                 0x080001ab   Thumb Code     0  startup_at32f403avgt7.o(.text)
    TMR8_TRG_COM_TMR14_IRQHandler            0x080001ab   Thumb Code     0  startup_at32f403avgt7.o(.text)
    UART4_IRQHandler                         0x080001ab   Thumb Code     0  startup_at32f403avgt7.o(.text)
    UART5_IRQHandler                         0x080001ab   Thumb Code     0  startup_at32f403avgt7.o(.text)
    UART7_IRQHandler                         0x080001ab   Thumb Code     0  startup_at32f403avgt7.o(.text)
    UART8_IRQHandler                         0x080001ab   Thumb Code     0  startup_at32f403avgt7.o(.text)
    USART1_IRQHandler                        0x080001ab   Thumb Code     0  startup_at32f403avgt7.o(.text)
    USART2_IRQHandler                        0x080001ab   Thumb Code     0  startup_at32f403avgt7.o(.text)
    USART3_IRQHandler                        0x080001ab   Thumb Code     0  startup_at32f403avgt7.o(.text)
    USART6_IRQHandler                        0x080001ab   Thumb Code     0  startup_at32f403avgt7.o(.text)
    USBWakeUp_IRQHandler                     0x080001ab   Thumb Code     0  startup_at32f403avgt7.o(.text)
    USB_HP_CAN1_TX_IRQHandler                0x080001ab   Thumb Code     0  startup_at32f403avgt7.o(.text)
    USB_HP_IRQHandler                        0x080001ab   Thumb Code     0  startup_at32f403avgt7.o(.text)
    USB_LP_CAN1_RX0_IRQHandler               0x080001ab   Thumb Code     0  startup_at32f403avgt7.o(.text)
    USB_LP_IRQHandler                        0x080001ab   Thumb Code     0  startup_at32f403avgt7.o(.text)
    WWDG_IRQHandler                          0x080001ab   Thumb Code     0  startup_at32f403avgt7.o(.text)
    XMC_IRQHandler                           0x080001ab   Thumb Code     0  startup_at32f403avgt7.o(.text)
    __scatterload                            0x080001b5   Thumb Code    28  init.o(.text)
    __scatterload_rt2                        0x080001b5   Thumb Code     0  init.o(.text)
    AT32_BUTTON_Init                         0x080001d9   Thumb Code    52  at32_board.o(i.AT32_BUTTON_Init)
    AT32_Board_Init                          0x08000219   Thumb Code    56  at32_board.o(i.AT32_Board_Init)
    AT32_LEDn_Init                           0x08000251   Thumb Code    58  at32_board.o(i.AT32_LEDn_Init)
    AT32_LEDn_OFF                            0x08000299   Thumb Code    32  at32_board.o(i.AT32_LEDn_OFF)
    AT32_LEDn_ON                             0x080002c1   Thumb Code    32  at32_board.o(i.AT32_LEDn_ON)
    Buffercmp                                0x080002e9   Thumb Code    36  main.o(i.Buffercmp)
    BusFault_Handler                         0x0800030d   Thumb Code     4  at32f4xx_it.o(i.BusFault_Handler)
    DebugMon_Handler                         0x08000311   Thumb Code     2  at32f4xx_it.o(i.DebugMon_Handler)
    Delay_init                               0x08000315   Thumb Code    38  at32_board.o(i.Delay_init)
    GPIO_Configuration                       0x0800034d   Thumb Code    74  main.o(i.GPIO_Configuration)
    GPIO_Init                                0x080003a1   Thumb Code   278  at32f4xx_gpio.o(i.GPIO_Init)
    GPIO_StructInit                          0x080004b7   Thumb Code    16  at32f4xx_gpio.o(i.GPIO_StructInit)
    HardFault_Handler                        0x080004c7   Thumb Code     4  at32f4xx_it.o(i.HardFault_Handler)
    MemManage_Handler                        0x080004cb   Thumb Code     4  at32f4xx_it.o(i.MemManage_Handler)
    NMI_Handler                              0x080004cf   Thumb Code     2  at32f4xx_it.o(i.NMI_Handler)
    NVIC_Configuration                       0x080004d1   Thumb Code    66  main.o(i.NVIC_Configuration)
    NVIC_Init                                0x08000515   Thumb Code   100  misc.o(i.NVIC_Init)
    NVIC_PriorityGroupConfig                 0x08000585   Thumb Code    10  misc.o(i.NVIC_PriorityGroupConfig)
    PendSV_Handler                           0x08000599   Thumb Code     2  at32f4xx_it.o(i.PendSV_Handler)
    RCC_APB1PeriphClockCmd                   0x0800059d   Thumb Code    26  at32f4xx_rcc.o(i.RCC_APB1PeriphClockCmd)
    RCC_APB2PeriphClockCmd                   0x080005bd   Thumb Code    26  at32f4xx_rcc.o(i.RCC_APB2PeriphClockCmd)
    RCC_Configuration                        0x080005dd   Thumb Code    22  main.o(i.RCC_Configuration)
    RCC_StepModeCmd                          0x080005f5   Thumb Code    32  at32f4xx_rcc.o(i.RCC_StepModeCmd)
    SPI1_IRQHandler                          0x08000619   Thumb Code    52  at32f4xx_it.o(i.SPI1_IRQHandler)
    SPI2_I2S2EXT_IRQHandler                  0x08000659   Thumb Code    26  at32f4xx_it.o(i.SPI2_I2S2EXT_IRQHandler)
    SPI_DefaultInitParaConfig                0x08000681   Thumb Code    24  at32f4xx_spi.o(i.SPI_DefaultInitParaConfig)
    SPI_Enable                               0x08000699   Thumb Code    24  at32f4xx_spi.o(i.SPI_Enable)
    SPI_I2S_GetITStatus                      0x080006b1   Thumb Code    52  at32f4xx_spi.o(i.SPI_I2S_GetITStatus)
    SPI_I2S_INTConfig                        0x080006e5   Thumb Code    32  at32f4xx_spi.o(i.SPI_I2S_INTConfig)
    SPI_I2S_RxData                           0x08000705   Thumb Code     6  at32f4xx_spi.o(i.SPI_I2S_RxData)
    SPI_I2S_TxData                           0x0800070b   Thumb Code     4  at32f4xx_spi.o(i.SPI_I2S_TxData)
    SPI_Init                                 0x0800070f   Thumb Code    90  at32f4xx_spi.o(i.SPI_Init)
    SVC_Handler                              0x08000769   Thumb Code     2  at32f4xx_it.o(i.SVC_Handler)
    SysTick_CLKSourceConfig                  0x08000861   Thumb Code    40  misc.o(i.SysTick_CLKSourceConfig)
    SysTick_Handler                          0x08000889   Thumb Code     2  at32f4xx_it.o(i.SysTick_Handler)
    SystemInit                               0x0800088d   Thumb Code   106  system_at32f4xx.o(i.SystemInit)
    UsageFault_Handler                       0x08000911   Thumb Code     4  at32f4xx_it.o(i.UsageFault_Handler)
    __scatterload_copy                       0x08000915   Thumb Code    14  handlers.o(i.__scatterload_copy)
    __scatterload_null                       0x08000923   Thumb Code     2  handlers.o(i.__scatterload_null)
    __scatterload_zeroinit                   0x08000925   Thumb Code    14  handlers.o(i.__scatterload_zeroinit)
    main                                     0x08000935   Thumb Code   170  main.o(i.main)
    Region$$Table$$Base                      0x080009fc   Number         0  anon$$obj.o(Region$$Table)
    Region$$Table$$Limit                     0x08000a1c   Number         0  anon$$obj.o(Region$$Table)
    SPI_MASTER_Buffer_Tx                     0x20000000   Data          32  main.o(.data)
    TxIdx                                    0x20000020   Data           1  main.o(.data)
    RxIdx                                    0x20000021   Data           1  main.o(.data)
    TransferStatus                           0x20000022   Data           1  main.o(.data)
    __stdout                                 0x20000024   Data           4  at32_board.o(.data)
    LED_GPIO_PORT                            0x20000028   Data          16  at32_board.o(.data)
    LED_GPIO_PIN                             0x20000038   Data           8  at32_board.o(.data)
    LED_GPIO_RCC_CLK                         0x20000040   Data          16  at32_board.o(.data)
    BUTTON_GPIO_PORT                         0x20000050   Data           8  at32_board.o(.data)
    BUTTON_GPIO_PIN                          0x20000058   Data           4  at32_board.o(.data)
    BUTTON_GPIO_RCC_CLK                      0x2000005c   Data           8  at32_board.o(.data)
    SystemCoreClock                          0x20000070   Data           4  system_at32f4xx.o(.data)
    AHBPscTable                              0x20000074   Data          16  system_at32f4xx.o(.data)
    SPI_InitStructure                        0x20000084   Data          18  main.o(.bss)
    SPI_SLAVE_Buffer_Rx                      0x20000096   Data          32  main.o(.bss)
    __initial_sp                             0x200004b8   Data           0  startup_at32f403avgt7.o(STACK)



==============================================================================

Memory Map of the image

  Image Entry point : 0x0800017d

  Load Region LR_IROM1 (Base: 0x08000000, Size: 0x00000aa0, Max: 0x00100000, ABSOLUTE)

    Execution Region ER_IROM1 (Exec base: 0x08000000, Load base: 0x08000000, Size: 0x00000a1c, Max: 0x00100000, ABSOLUTE)

    Exec Addr    Load Addr    Size         Type   Attr      Idx    E Section Name        Object

    0x08000000   0x08000000   0x0000017c   Data   RO          423    RESET               startup_at32f403avgt7.o
    0x0800017c   0x0800017c   0x00000000   Code   RO         1309  * .ARM.Collect$$$$00000000  mc_w.l(entry.o)
    0x0800017c   0x0800017c   0x00000004   Code   RO         1314    .ARM.Collect$$$$00000001  mc_w.l(entry2.o)
    0x08000180   0x08000180   0x00000004   Code   RO         1317    .ARM.Collect$$$$00000004  mc_w.l(entry5.o)
    0x08000184   0x08000184   0x00000000   Code   RO         1319    .ARM.Collect$$$$00000008  mc_w.l(entry7b.o)
    0x08000184   0x08000184   0x00000000   Code   RO         1321    .ARM.Collect$$$$0000000A  mc_w.l(entry8b.o)
    0x08000184   0x08000184   0x00000008   Code   RO         1322    .ARM.Collect$$$$0000000B  mc_w.l(entry9a.o)
    0x0800018c   0x0800018c   0x00000000   Code   RO         1324    .ARM.Collect$$$$0000000D  mc_w.l(entry10a.o)
    0x0800018c   0x0800018c   0x00000000   Code   RO         1326    .ARM.Collect$$$$0000000F  mc_w.l(entry11a.o)
    0x0800018c   0x0800018c   0x00000004   Code   RO         1315    .ARM.Collect$$$$00002712  mc_w.l(entry2.o)
    0x08000190   0x08000190   0x00000024   Code   RO          424    .text               startup_at32f403avgt7.o
    0x080001b4   0x080001b4   0x00000024   Code   RO         1332    .text               mc_w.l(init.o)
    0x080001d8   0x080001d8   0x00000040   Code   RO          257    i.AT32_BUTTON_Init  at32_board.o
    0x08000218   0x08000218   0x00000038   Code   RO          260    i.AT32_Board_Init   at32_board.o
    0x08000250   0x08000250   0x00000048   Code   RO          261    i.AT32_LEDn_Init    at32_board.o
    0x08000298   0x08000298   0x00000028   Code   RO          262    i.AT32_LEDn_OFF     at32_board.o
    0x080002c0   0x080002c0   0x00000028   Code   RO          263    i.AT32_LEDn_ON      at32_board.o
    0x080002e8   0x080002e8   0x00000024   Code   RO            4    i.Buffercmp         main.o
    0x0800030c   0x0800030c   0x00000004   Code   RO          169    i.BusFault_Handler  at32f4xx_it.o
    0x08000310   0x08000310   0x00000002   Code   RO          170    i.DebugMon_Handler  at32f4xx_it.o
    0x08000312   0x08000312   0x00000002   PAD
    0x08000314   0x08000314   0x00000038   Code   RO          266    i.Delay_init        at32_board.o
    0x0800034c   0x0800034c   0x00000054   Code   RO            5    i.GPIO_Configuration  main.o
    0x080003a0   0x080003a0   0x00000116   Code   RO          526    i.GPIO_Init         at32f4xx_gpio.o
    0x080004b6   0x080004b6   0x00000010   Code   RO          538    i.GPIO_StructInit   at32f4xx_gpio.o
    0x080004c6   0x080004c6   0x00000004   Code   RO          171    i.HardFault_Handler  at32f4xx_it.o
    0x080004ca   0x080004ca   0x00000004   Code   RO          172    i.MemManage_Handler  at32f4xx_it.o
    0x080004ce   0x080004ce   0x00000002   Code   RO          173    i.NMI_Handler       at32f4xx_it.o
    0x080004d0   0x080004d0   0x00000042   Code   RO            6    i.NVIC_Configuration  main.o
    0x08000512   0x08000512   0x00000002   PAD
    0x08000514   0x08000514   0x00000070   Code   RO         1264    i.NVIC_Init         misc.o
    0x08000584   0x08000584   0x00000014   Code   RO         1265    i.NVIC_PriorityGroupConfig  misc.o
    0x08000598   0x08000598   0x00000002   Code   RO          174    i.PendSV_Handler    at32f4xx_it.o
    0x0800059a   0x0800059a   0x00000002   PAD
    0x0800059c   0x0800059c   0x00000020   Code   RO          668    i.RCC_APB1PeriphClockCmd  at32f4xx_rcc.o
    0x080005bc   0x080005bc   0x00000020   Code   RO          671    i.RCC_APB2PeriphClockCmd  at32f4xx_rcc.o
    0x080005dc   0x080005dc   0x00000016   Code   RO            7    i.RCC_Configuration  main.o
    0x080005f2   0x080005f2   0x00000002   PAD
    0x080005f4   0x080005f4   0x00000024   Code   RO          700    i.RCC_StepModeCmd   at32f4xx_rcc.o
    0x08000618   0x08000618   0x00000040   Code   RO          175    i.SPI1_IRQHandler   at32f4xx_it.o
    0x08000658   0x08000658   0x00000028   Code   RO          176    i.SPI2_I2S2EXT_IRQHandler  at32f4xx_it.o
    0x08000680   0x08000680   0x00000018   Code   RO          932    i.SPI_DefaultInitParaConfig  at32f4xx_spi.o
    0x08000698   0x08000698   0x00000018   Code   RO          933    i.SPI_Enable        at32f4xx_spi.o
    0x080006b0   0x080006b0   0x00000034   Code   RO          942    i.SPI_I2S_GetITStatus  at32f4xx_spi.o
    0x080006e4   0x080006e4   0x00000020   Code   RO          943    i.SPI_I2S_INTConfig  at32f4xx_spi.o
    0x08000704   0x08000704   0x00000006   Code   RO          945    i.SPI_I2S_RxData    at32f4xx_spi.o
    0x0800070a   0x0800070a   0x00000004   Code   RO          946    i.SPI_I2S_TxData    at32f4xx_spi.o
    0x0800070e   0x0800070e   0x0000005a   Code   RO          947    i.SPI_Init          at32f4xx_spi.o
    0x08000768   0x08000768   0x00000002   Code   RO          177    i.SVC_Handler       at32f4xx_it.o
    0x0800076a   0x0800076a   0x00000008   Code   RO          378    i.SetSysClock       system_at32f4xx.o
    0x08000772   0x08000772   0x00000002   PAD
    0x08000774   0x08000774   0x000000ec   Code   RO          379    i.SetSysClockTo240M  system_at32f4xx.o
    0x08000860   0x08000860   0x00000028   Code   RO         1268    i.SysTick_CLKSourceConfig  misc.o
    0x08000888   0x08000888   0x00000002   Code   RO          178    i.SysTick_Handler   at32f4xx_it.o
    0x0800088a   0x0800088a   0x00000002   PAD
    0x0800088c   0x0800088c   0x00000084   Code   RO          381    i.SystemInit        system_at32f4xx.o
    0x08000910   0x08000910   0x00000004   Code   RO          179    i.UsageFault_Handler  at32f4xx_it.o
    0x08000914   0x08000914   0x0000000e   Code   RO         1336    i.__scatterload_copy  mc_w.l(handlers.o)
    0x08000922   0x08000922   0x00000002   Code   RO         1337    i.__scatterload_null  mc_w.l(handlers.o)
    0x08000924   0x08000924   0x0000000e   Code   RO         1338    i.__scatterload_zeroinit  mc_w.l(handlers.o)
    0x08000932   0x08000932   0x00000002   PAD
    0x08000934   0x08000934   0x000000c8   Code   RO            8    i.main              main.o
    0x080009fc   0x080009fc   0x00000020   Data   RO         1334    Region$$Table       anon$$obj.o


    Execution Region RW_IRAM1 (Exec base: 0x20000000, Load base: 0x08000a1c, Size: 0x000004b8, Max: 0x00038000, ABSOLUTE)

    Exec Addr    Load Addr    Size         Type   Attr      Idx    E Section Name        Object

    0x20000000   0x08000a1c   0x00000023   Data   RW           10    .data               main.o
    0x20000023   0x08000a3f   0x00000001   PAD
    0x20000024   0x08000a40   0x00000049   Data   RW          273    .data               at32_board.o
    0x2000006d   0x08000a89   0x00000003   PAD
    0x20000070   0x08000a8c   0x00000014   Data   RW          382    .data               system_at32f4xx.o
    0x20000084        -       0x00000032   Zero   RW            9    .bss                main.o
    0x200000b6   0x08000aa0   0x00000002   PAD
    0x200000b8        -       0x00000400   Zero   RW          421    STACK               startup_at32f403avgt7.o


==============================================================================

Image component sizes


      Code (inc. data)   RO Data    RW Data    ZI Data      Debug   Object Name

       328         60          0         73          0       6961   at32_board.o
       294          0          0          0          0       3070   at32f4xx_gpio.o
       130         26          0          0          0       5910   at32f4xx_it.o
       100         16          0          0          0       2200   at32f4xx_rcc.o
       232          0          0          0          0       6628   at32f4xx_spi.o
       408         40          0         35         50     256533   main.o
       172         22          0          0          0       2769   misc.o
        36          8        380          0       1024       1024   startup_at32f403avgt7.o
       376         40          0         20          0       2627   system_at32f4xx.o

    ----------------------------------------------------------------------
      2088        212        412        132       1076     287722   Object Totals
         0          0         32          0          0          0   (incl. Generated)
        12          0          0          4          2          0   (incl. Padding)

    ----------------------------------------------------------------------

      Code (inc. data)   RO Data    RW Data    ZI Data      Debug   Library Member Name

         0          0          0          0          0          0   entry.o
         0          0          0          0          0          0   entry10a.o
         0          0          0          0          0          0   entry11a.o
         8          4          0          0          0          0   entry2.o
         4          0          0          0          0          0   entry5.o
         0          0          0          0          0          0   entry7b.o
         0          0          0          0          0          0   entry8b.o
         8          4          0          0          0          0   entry9a.o
        30          0          0          0          0          0   handlers.o
        36          8          0          0          0         68   init.o

    ----------------------------------------------------------------------
        88         16          0          0          0         68   Library Totals
         2          0          0          0          0          0   (incl. Padding)

    ----------------------------------------------------------------------

      Code (inc. data)   RO Data    RW Data    ZI Data      Debug   Library Name

        86         16          0          0          0         68   mc_w.l

    ----------------------------------------------------------------------
        88         16          0          0          0         68   Library Totals

    ----------------------------------------------------------------------

==============================================================================


      Code (inc. data)   RO Data    RW Data    ZI Data      Debug   

      2176        228        412        132       1076     284494   Grand Totals
      2176        228        412        132       1076     284494   ELF Image Totals
      2176        228        412        132          0          0   ROM Totals

==============================================================================

    Total RO  Size (Code + RO Data)                 2588 (   2.53kB)
    Total RW  Size (RW Data + ZI Data)              1208 (   1.18kB)
    Total ROM Size (Code + RO Data + RW Data)       2720 (   2.66kB)

==============================================================================

