<html>
<body>
<pre>
<h1>µVision Build Log</h1>
<h2>Tool Versions:</h2>
IDE-Version: ¦ÌVision V5.25.2.0
Copyright (C) 2018 ARM Ltd and ARM Germany GmbH. All rights reserved.
License Information: Jeff Zhu, DH, LIC=MPPLD-8GWJ2-12FLE-5T3QY-FK8DH-H9B8E
 
Tool Versions:
Toolchain:       MDK-ARM Plus  Version: 5.25.2.0
Toolchain Path:  D:\Keil_v5\ARM\ARMCC\Bin
C Compiler:      Armcc.exe V5.06 update 6 (build 750)
Assembler:       Armasm.exe V5.06 update 6 (build 750)
Linker/Locator:  ArmLink.exe V5.06 update 6 (build 750)
Library Manager: ArmAr.exe V5.06 update 6 (build 750)
Hex Converter:   FromElf.exe V5.06 update 6 (build 750)
CPU DLL:         SARMCM3.DLL V5.25.2.0
Dialog DLL:      DCM.DLL V1.17.1.0
Target DLL:      CMSIS_AGDI.dll V1.29.10.0
Dialog DLL:      TCM.DLL V1.35.1.0
 
<h2>Project:</h2>
E:\SourceCode\Artery-AT32-MCU-Pack\BSP\AT32F4xx_StdPeriph_Lib_V1.3.0\Project\AT_START_F403A\Examples\SPI\DMA_SPI3_Use_PA15PB345\MDK_v5\DMA.uvprojx
Project File Date:  03/02/2022

<h2>Output:</h2>
*** Using Compiler 'V5.06 update 6 (build 750)', folder: 'D:\Keil_v5\ARM\ARMCC\Bin'
Build target 'DMA'
compiling at32f4xx_it.c...
compiling at32_board.c...
compiling main.c...
assembling startup_at32f403avgt7.s...
compiling system_at32f4xx.c...
compiling at32f4xx_gpio.c...
compiling at32f4xx_dma.c...
compiling at32f4xx_spi.c...
compiling at32f4xx_rcc.c...
compiling at32f4xx_usart.c...
compiling misc.c...
linking...
Program Size: Code=3948 RO-data=412 RW-data=136 ZI-data=1120  
FromELF: creating hex file...
".\Objects\DMA.axf" - 0 Error(s), 0 Warning(s).

<h2>Software Packages used:</h2>

Package Vendor: Keil
                
                Keil.AT32F4xx_DFP.1.3.4
                ArteryTek AT32F4 Series Device Support,Drivers

<h2>Collection of Component include folders:</h2>
  .\RTE\_DMA
  D:\Keil_v5\ARM\PACK\Keil\AT32F4xx_DFP\1.3.4\Device\Include

<h2>Collection of Component Files used:</h2>
Build Time Elapsed:  00:00:07
</pre>
</body>
</html>
