Component: ARM Compiler 5.06 update 6 (build 750) Tool: armlink [4d35ed]

==============================================================================

Section Cross References

    main.o(i.GPIO_Configuration) refers to at32f4xx_gpio.o(i.GPIO_PinsRemapConfig) for GPIO_PinsRemapConfig
    main.o(i.GPIO_Configuration) refers to at32f4xx_gpio.o(i.GPIO_Init) for GPIO_Init
    main.o(i.NVIC_Configuration) refers to misc.o(i.NVIC_PriorityGroupConfig) for NVIC_PriorityGroupConfig
    main.o(i.NVIC_Configuration) refers to misc.o(i.NVIC_Init) for NVIC_Init
    main.o(i.RCC_Configuration) refers to at32f4xx_rcc.o(i.RCC_APB2PeriphClockCmd) for RCC_APB2PeriphClockCmd
    main.o(i.RCC_Configuration) refers to at32f4xx_rcc.o(i.RCC_APB1PeriphClockCmd) for RCC_APB1PeriphClockCmd
    main.o(i.main) refers to main.o(i.RCC_Configuration) for RCC_Configuration
    main.o(i.main) refers to main.o(i.NVIC_Configuration) for NVIC_Configuration
    main.o(i.main) refers to main.o(i.GPIO_Configuration) for GPIO_Configuration
    main.o(i.main) refers to at32_board.o(i.AT32_Board_Init) for AT32_Board_Init
    main.o(i.main) refers to at32f4xx_usart.o(i.USART_StructInit) for USART_StructInit
    main.o(i.main) refers to at32f4xx_usart.o(i.USART_Init) for USART_Init
    main.o(i.main) refers to at32f4xx_usart.o(i.USART_INTConfig) for USART_INTConfig
    main.o(i.main) refers to at32f4xx_usart.o(i.USART_Cmd) for USART_Cmd
    main.o(i.main) refers to main.o(i.Buffercmp) for Buffercmp
    main.o(i.main) refers to at32_board.o(i.AT32_LEDn_ON) for AT32_LEDn_ON
    main.o(i.main) refers to main.o(.bss) for USART_InitStructure
    main.o(i.main) refers to main.o(.data) for RxCounter2
    at32f4xx_it.o(i.USART2_IRQHandler) refers to at32f4xx_usart.o(i.USART_GetITStatus) for USART_GetITStatus
    at32f4xx_it.o(i.USART2_IRQHandler) refers to at32f4xx_usart.o(i.USART_ReceiveData) for USART_ReceiveData
    at32f4xx_it.o(i.USART2_IRQHandler) refers to at32f4xx_usart.o(i.USART_INTConfig) for USART_INTConfig
    at32f4xx_it.o(i.USART2_IRQHandler) refers to at32f4xx_usart.o(i.USART_SendData) for USART_SendData
    at32f4xx_it.o(i.USART2_IRQHandler) refers to main.o(.data) for RxCounter1
    at32f4xx_it.o(i.USART2_IRQHandler) refers to main.o(.bss) for RxBuffer1
    at32f4xx_it.o(i.USART3_IRQHandler) refers to at32f4xx_usart.o(i.USART_GetITStatus) for USART_GetITStatus
    at32f4xx_it.o(i.USART3_IRQHandler) refers to at32f4xx_usart.o(i.USART_ReceiveData) for USART_ReceiveData
    at32f4xx_it.o(i.USART3_IRQHandler) refers to at32f4xx_usart.o(i.USART_INTConfig) for USART_INTConfig
    at32f4xx_it.o(i.USART3_IRQHandler) refers to at32f4xx_usart.o(i.USART_SendData) for USART_SendData
    at32f4xx_it.o(i.USART3_IRQHandler) refers to main.o(.data) for RxCounter2
    at32f4xx_it.o(i.USART3_IRQHandler) refers to main.o(.bss) for RxBuffer2
    at32_board.o(i.AT32_BUTTON_Init) refers to at32f4xx_rcc.o(i.RCC_APB2PeriphClockCmd) for RCC_APB2PeriphClockCmd
    at32_board.o(i.AT32_BUTTON_Init) refers to at32f4xx_gpio.o(i.GPIO_StructInit) for GPIO_StructInit
    at32_board.o(i.AT32_BUTTON_Init) refers to at32f4xx_gpio.o(i.GPIO_Init) for GPIO_Init
    at32_board.o(i.AT32_BUTTON_Init) refers to at32_board.o(.data) for BUTTON_GPIO_RCC_CLK
    at32_board.o(i.AT32_BUTTON_Press) refers to at32_board.o(i.AT32_BUTTON_State) for AT32_BUTTON_State
    at32_board.o(i.AT32_BUTTON_Press) refers to at32_board.o(i.Delay_ms) for Delay_ms
    at32_board.o(i.AT32_BUTTON_Press) refers to at32_board.o(.data) for Pressed
    at32_board.o(i.AT32_BUTTON_State) refers to at32f4xx_gpio.o(i.GPIO_ReadInputDataBit) for GPIO_ReadInputDataBit
    at32_board.o(i.AT32_BUTTON_State) refers to at32_board.o(.data) for BUTTON_GPIO_PIN
    at32_board.o(i.AT32_Board_Init) refers to at32_board.o(i.Delay_init) for Delay_init
    at32_board.o(i.AT32_Board_Init) refers to at32_board.o(i.AT32_LEDn_Init) for AT32_LEDn_Init
    at32_board.o(i.AT32_Board_Init) refers to at32_board.o(i.AT32_LEDn_OFF) for AT32_LEDn_OFF
    at32_board.o(i.AT32_Board_Init) refers to at32_board.o(i.AT32_BUTTON_Init) for AT32_BUTTON_Init
    at32_board.o(i.AT32_LEDn_Init) refers to at32f4xx_rcc.o(i.RCC_APB2PeriphClockCmd) for RCC_APB2PeriphClockCmd
    at32_board.o(i.AT32_LEDn_Init) refers to at32f4xx_gpio.o(i.GPIO_StructInit) for GPIO_StructInit
    at32_board.o(i.AT32_LEDn_Init) refers to at32f4xx_gpio.o(i.GPIO_Init) for GPIO_Init
    at32_board.o(i.AT32_LEDn_Init) refers to at32_board.o(.data) for LED_GPIO_RCC_CLK
    at32_board.o(i.AT32_LEDn_OFF) refers to at32_board.o(.data) for LED_GPIO_PIN
    at32_board.o(i.AT32_LEDn_ON) refers to at32_board.o(.data) for LED_GPIO_PIN
    at32_board.o(i.AT32_LEDn_Toggle) refers to at32_board.o(.data) for LED_GPIO_PIN
    at32_board.o(i.AT32_USB_GPIO_init) refers to at32f4xx_rcc.o(i.RCC_APB2PeriphClockCmd) for RCC_APB2PeriphClockCmd
    at32_board.o(i.AT32_USB_GPIO_init) refers to at32f4xx_gpio.o(i.GPIO_StructInit) for GPIO_StructInit
    at32_board.o(i.AT32_USB_GPIO_init) refers to at32f4xx_gpio.o(i.GPIO_Init) for GPIO_Init
    at32_board.o(i.AT32_USB_GPIO_init) refers to at32f4xx_gpio.o(i.GPIO_ResetBits) for GPIO_ResetBits
    at32_board.o(i.Delay_init) refers to misc.o(i.SysTick_CLKSourceConfig) for SysTick_CLKSourceConfig
    at32_board.o(i.Delay_init) refers to system_at32f4xx.o(.data) for SystemCoreClock
    at32_board.o(i.Delay_init) refers to at32_board.o(.data) for fac_us
    at32_board.o(i.Delay_ms) refers to at32_board.o(.data) for fac_ms
    at32_board.o(i.Delay_sec) refers to at32_board.o(i.Delay_ms) for Delay_ms
    at32_board.o(i.Delay_us) refers to at32_board.o(.data) for fac_us
    at32_board.o(i.UART_Print_Init) refers to at32f4xx_rcc.o(i.RCC_APB2PeriphClockCmd) for RCC_APB2PeriphClockCmd
    at32_board.o(i.UART_Print_Init) refers to at32f4xx_gpio.o(i.GPIO_StructInit) for GPIO_StructInit
    at32_board.o(i.UART_Print_Init) refers to at32f4xx_gpio.o(i.GPIO_Init) for GPIO_Init
    at32_board.o(i.UART_Print_Init) refers to at32f4xx_usart.o(i.USART_StructInit) for USART_StructInit
    at32_board.o(i.UART_Print_Init) refers to at32f4xx_usart.o(i.USART_Init) for USART_Init
    at32_board.o(i.UART_Print_Init) refers to at32f4xx_usart.o(i.USART_INTConfig) for USART_INTConfig
    at32_board.o(i.UART_Print_Init) refers to at32f4xx_usart.o(i.USART_Cmd) for USART_Cmd
    at32_board.o(i.fputc) refers to at32f4xx_usart.o(i.USART_SendData) for USART_SendData
    at32_board.o(i.fputc) refers to at32f4xx_usart.o(i.USART_GetFlagStatus) for USART_GetFlagStatus
    system_at32f4xx.o(i.SetSysClock) refers to system_at32f4xx.o(i.SetSysClockTo240M) for SetSysClockTo240M
    system_at32f4xx.o(i.SetSysClockTo240M) refers to at32f4xx_rcc.o(i.RCC_StepModeCmd) for RCC_StepModeCmd
    system_at32f4xx.o(i.SystemCoreClockUpdate) refers to system_at32f4xx.o(.data) for SystemCoreClock
    system_at32f4xx.o(i.SystemInit) refers to system_at32f4xx.o(i.SetSysClock) for SetSysClock
    startup_at32f403avgt7.o(RESET) refers to startup_at32f403avgt7.o(STACK) for __initial_sp
    startup_at32f403avgt7.o(RESET) refers to startup_at32f403avgt7.o(.text) for Reset_Handler
    startup_at32f403avgt7.o(RESET) refers to at32f4xx_it.o(i.NMI_Handler) for NMI_Handler
    startup_at32f403avgt7.o(RESET) refers to at32f4xx_it.o(i.HardFault_Handler) for HardFault_Handler
    startup_at32f403avgt7.o(RESET) refers to at32f4xx_it.o(i.MemManage_Handler) for MemManage_Handler
    startup_at32f403avgt7.o(RESET) refers to at32f4xx_it.o(i.BusFault_Handler) for BusFault_Handler
    startup_at32f403avgt7.o(RESET) refers to at32f4xx_it.o(i.UsageFault_Handler) for UsageFault_Handler
    startup_at32f403avgt7.o(RESET) refers to at32f4xx_it.o(i.SVC_Handler) for SVC_Handler
    startup_at32f403avgt7.o(RESET) refers to at32f4xx_it.o(i.DebugMon_Handler) for DebugMon_Handler
    startup_at32f403avgt7.o(RESET) refers to at32f4xx_it.o(i.PendSV_Handler) for PendSV_Handler
    startup_at32f403avgt7.o(RESET) refers to at32f4xx_it.o(i.SysTick_Handler) for SysTick_Handler
    startup_at32f403avgt7.o(RESET) refers to at32f4xx_it.o(i.USART2_IRQHandler) for USART2_IRQHandler
    startup_at32f403avgt7.o(RESET) refers to at32f4xx_it.o(i.USART3_IRQHandler) for USART3_IRQHandler
    startup_at32f403avgt7.o(.text) refers to system_at32f4xx.o(i.SystemInit) for SystemInit
    startup_at32f403avgt7.o(.text) refers to entry.o(.ARM.Collect$$$$00000000) for __main
    at32f4xx_gpio.o(i.GPIO_AFIOReset) refers to at32f4xx_rcc.o(i.RCC_APB2PeriphResetCmd) for RCC_APB2PeriphResetCmd
    at32f4xx_gpio.o(i.GPIO_Reset) refers to at32f4xx_rcc.o(i.RCC_APB2PeriphResetCmd) for RCC_APB2PeriphResetCmd
    at32f4xx_rcc.o(i.RCC_GetClocksFreq) refers to at32f4xx_rcc.o(.constdata) for APBAHBPscTable
    at32f4xx_rcc.o(i.RCC_WaitForHSEStable) refers to at32f4xx_rcc.o(i.RCC_GetFlagStatus) for RCC_GetFlagStatus
    at32f4xx_rcc.o(i.RCC_WaitForHSEStable) refers to at32f4xx_rcc.o(i.RCC_HSEENDelay) for RCC_HSEENDelay
    at32f4xx_usart.o(i.USART_Init) refers to at32f4xx_rcc.o(i.RCC_GetClocksFreq) for RCC_GetClocksFreq
    at32f4xx_usart.o(i.USART_Init) refers to uldiv.o(.text) for __aeabi_uldivmod
    at32f4xx_usart.o(i.USART_Reset) refers to at32f4xx_rcc.o(i.RCC_APB2PeriphResetCmd) for RCC_APB2PeriphResetCmd
    at32f4xx_usart.o(i.USART_Reset) refers to at32f4xx_rcc.o(i.RCC_APB1PeriphResetCmd) for RCC_APB1PeriphResetCmd
    entry.o(.ARM.Collect$$$$00000000) refers (Special) to entry10a.o(.ARM.Collect$$$$0000000D) for __rt_final_cpp
    entry.o(.ARM.Collect$$$$00000000) refers (Special) to entry11a.o(.ARM.Collect$$$$0000000F) for __rt_final_exit
    entry.o(.ARM.Collect$$$$00000000) refers (Special) to entry7b.o(.ARM.Collect$$$$00000008) for _main_clock
    entry.o(.ARM.Collect$$$$00000000) refers (Special) to entry8b.o(.ARM.Collect$$$$0000000A) for _main_cpp_init
    entry.o(.ARM.Collect$$$$00000000) refers (Special) to entry9a.o(.ARM.Collect$$$$0000000B) for _main_init
    entry.o(.ARM.Collect$$$$00000000) refers (Special) to entry5.o(.ARM.Collect$$$$00000004) for _main_scatterload
    entry.o(.ARM.Collect$$$$00000000) refers (Special) to entry2.o(.ARM.Collect$$$$00000001) for _main_stk
    uldiv.o(.text) refers to llushr.o(.text) for __aeabi_llsr
    uldiv.o(.text) refers to llshl.o(.text) for __aeabi_llsl
    entry2.o(.ARM.Collect$$$$00000001) refers to entry2.o(.ARM.Collect$$$$00002712) for __lit__00000000
    entry2.o(.ARM.Collect$$$$00002712) refers to startup_at32f403avgt7.o(STACK) for __initial_sp
    entry2.o(__vectab_stack_and_reset_area) refers to startup_at32f403avgt7.o(STACK) for __initial_sp
    entry2.o(__vectab_stack_and_reset_area) refers to entry.o(.ARM.Collect$$$$00000000) for __main
    entry5.o(.ARM.Collect$$$$00000004) refers to init.o(.text) for __scatterload
    entry9a.o(.ARM.Collect$$$$0000000B) refers to main.o(i.main) for main
    entry9b.o(.ARM.Collect$$$$0000000C) refers to main.o(i.main) for main
    init.o(.text) refers to entry5.o(.ARM.Collect$$$$00000004) for __main_after_scatterload


==============================================================================

Removing Unused input sections from the image.

    Removing main.o(.rev16_text), (4 bytes).
    Removing main.o(.revsh_text), (4 bytes).
    Removing main.o(.rrx_text), (6 bytes).
    Removing at32f4xx_it.o(.rev16_text), (4 bytes).
    Removing at32f4xx_it.o(.revsh_text), (4 bytes).
    Removing at32f4xx_it.o(.rrx_text), (6 bytes).
    Removing at32_board.o(.rev16_text), (4 bytes).
    Removing at32_board.o(.revsh_text), (4 bytes).
    Removing at32_board.o(.rrx_text), (6 bytes).
    Removing at32_board.o(i.AT32_BUTTON_Press), (100 bytes).
    Removing at32_board.o(i.AT32_BUTTON_State), (32 bytes).
    Removing at32_board.o(i.AT32_LEDn_Toggle), (52 bytes).
    Removing at32_board.o(i.AT32_USB_GPIO_init), (60 bytes).
    Removing at32_board.o(i.Delay_ms), (112 bytes).
    Removing at32_board.o(i.Delay_sec), (34 bytes).
    Removing at32_board.o(i.Delay_us), (76 bytes).
    Removing at32_board.o(i.UART_Print_Init), (152 bytes).
    Removing at32_board.o(i._sys_exit), (4 bytes).
    Removing at32_board.o(i.fputc), (36 bytes).
    Removing system_at32f4xx.o(.rev16_text), (4 bytes).
    Removing system_at32f4xx.o(.revsh_text), (4 bytes).
    Removing system_at32f4xx.o(.rrx_text), (6 bytes).
    Removing system_at32f4xx.o(i.SystemCoreClockUpdate), (292 bytes).
    Removing startup_at32f403avgt7.o(HEAP), (512 bytes).
    Removing at32f4xx_gpio.o(.rev16_text), (4 bytes).
    Removing at32f4xx_gpio.o(.revsh_text), (4 bytes).
    Removing at32f4xx_gpio.o(.rrx_text), (6 bytes).
    Removing at32f4xx_gpio.o(i.GPIO_AFIOReset), (20 bytes).
    Removing at32f4xx_gpio.o(i.GPIO_ETH_MediaInterfaceConfig), (12 bytes).
    Removing at32f4xx_gpio.o(i.GPIO_EXTILineConfig), (64 bytes).
    Removing at32f4xx_gpio.o(i.GPIO_EventOutputCmd), (12 bytes).
    Removing at32f4xx_gpio.o(i.GPIO_EventOutputConfig), (32 bytes).
    Removing at32f4xx_gpio.o(i.GPIO_PinsEnhanceSlewRate), (20 bytes).
    Removing at32f4xx_gpio.o(i.GPIO_PinsHugeDriven), (20 bytes).
    Removing at32f4xx_gpio.o(i.GPIO_PinsLockConfig), (18 bytes).
    Removing at32f4xx_gpio.o(i.GPIO_ReadInputData), (8 bytes).
    Removing at32f4xx_gpio.o(i.GPIO_ReadInputDataBit), (18 bytes).
    Removing at32f4xx_gpio.o(i.GPIO_ReadOutputData), (8 bytes).
    Removing at32f4xx_gpio.o(i.GPIO_ReadOutputDataBit), (18 bytes).
    Removing at32f4xx_gpio.o(i.GPIO_Reset), (144 bytes).
    Removing at32f4xx_gpio.o(i.GPIO_ResetBits), (4 bytes).
    Removing at32f4xx_gpio.o(i.GPIO_SetBits), (4 bytes).
    Removing at32f4xx_gpio.o(i.GPIO_Write), (4 bytes).
    Removing at32f4xx_gpio.o(i.GPIO_WriteBit), (10 bytes).
    Removing at32f4xx_rcc.o(.rev16_text), (4 bytes).
    Removing at32f4xx_rcc.o(.revsh_text), (4 bytes).
    Removing at32f4xx_rcc.o(.rrx_text), (6 bytes).
    Removing at32f4xx_rcc.o(i.RCC_ADCCLKConfig), (28 bytes).
    Removing at32f4xx_rcc.o(i.RCC_AHBCLKConfig), (24 bytes).
    Removing at32f4xx_rcc.o(i.RCC_AHBPeriphClockCmd), (32 bytes).
    Removing at32f4xx_rcc.o(i.RCC_AHBPeriphResetCmd), (32 bytes).
    Removing at32f4xx_rcc.o(i.RCC_APB1CLKConfig), (24 bytes).
    Removing at32f4xx_rcc.o(i.RCC_APB1PeriphResetCmd), (32 bytes).
    Removing at32f4xx_rcc.o(i.RCC_APB2CLKConfig), (24 bytes).
    Removing at32f4xx_rcc.o(i.RCC_APB2PeriphResetCmd), (32 bytes).
    Removing at32f4xx_rcc.o(i.RCC_BackupResetCmd), (12 bytes).
    Removing at32f4xx_rcc.o(i.RCC_CLKOUTConfig), (80 bytes).
    Removing at32f4xx_rcc.o(i.RCC_ClearFlag), (20 bytes).
    Removing at32f4xx_rcc.o(i.RCC_ClearINTPendingBit), (12 bytes).
    Removing at32f4xx_rcc.o(i.RCC_GetFlagStatus), (60 bytes).
    Removing at32f4xx_rcc.o(i.RCC_GetINTStatus), (24 bytes).
    Removing at32f4xx_rcc.o(i.RCC_GetSYSCLKSelction), (16 bytes).
    Removing at32f4xx_rcc.o(i.RCC_HSEClockFailureDetectorCmd), (12 bytes).
    Removing at32f4xx_rcc.o(i.RCC_HSEConfig), (76 bytes).
    Removing at32f4xx_rcc.o(i.RCC_HSEDivConfig), (28 bytes).
    Removing at32f4xx_rcc.o(i.RCC_HSEENDelay), (12 bytes).
    Removing at32f4xx_rcc.o(i.RCC_HSI2SYS48M), (48 bytes).
    Removing at32f4xx_rcc.o(i.RCC_HSI2USB48M), (48 bytes).
    Removing at32f4xx_rcc.o(i.RCC_HSICmd), (12 bytes).
    Removing at32f4xx_rcc.o(i.RCC_INTConfig), (32 bytes).
    Removing at32f4xx_rcc.o(i.RCC_LSEConfig), (52 bytes).
    Removing at32f4xx_rcc.o(i.RCC_LSICmd), (12 bytes).
    Removing at32f4xx_rcc.o(i.RCC_MCO2TMR10), (36 bytes).
    Removing at32f4xx_rcc.o(i.RCC_PLLCmd), (12 bytes).
    Removing at32f4xx_rcc.o(i.RCC_PLLConfig), (36 bytes).
    Removing at32f4xx_rcc.o(i.RCC_RTCCLKCmd), (12 bytes).
    Removing at32f4xx_rcc.o(i.RCC_RTCCLKConfig), (16 bytes).
    Removing at32f4xx_rcc.o(i.RCC_Reset), (96 bytes).
    Removing at32f4xx_rcc.o(i.RCC_SYSCLKConfig), (24 bytes).
    Removing at32f4xx_rcc.o(i.RCC_SetHSICalibValue), (44 bytes).
    Removing at32f4xx_rcc.o(i.RCC_SetHSITweakValue), (24 bytes).
    Removing at32f4xx_rcc.o(i.RCC_USBCLKConfig), (24 bytes).
    Removing at32f4xx_rcc.o(i.RCC_USBINTRemap), (36 bytes).
    Removing at32f4xx_rcc.o(i.RCC_WaitForHSEStable), (64 bytes).
    Removing at32f4xx_usart.o(.rev16_text), (4 bytes).
    Removing at32f4xx_usart.o(.revsh_text), (4 bytes).
    Removing at32f4xx_usart.o(.rrx_text), (6 bytes).
    Removing at32f4xx_usart.o(i.USART_ClearFlag), (18 bytes).
    Removing at32f4xx_usart.o(i.USART_ClearITPendingBit), (30 bytes).
    Removing at32f4xx_usart.o(i.USART_ClockInit), (34 bytes).
    Removing at32f4xx_usart.o(i.USART_ClockStructInit), (12 bytes).
    Removing at32f4xx_usart.o(i.USART_DMACmd), (18 bytes).
    Removing at32f4xx_usart.o(i.USART_GetFlagStatus), (26 bytes).
    Removing at32f4xx_usart.o(i.USART_HalfDuplexCmd), (24 bytes).
    Removing at32f4xx_usart.o(i.USART_IrDACmd), (24 bytes).
    Removing at32f4xx_usart.o(i.USART_IrDAConfig), (18 bytes).
    Removing at32f4xx_usart.o(i.USART_LINBreakDetectLengthConfig), (18 bytes).
    Removing at32f4xx_usart.o(i.USART_LINCmd), (24 bytes).
    Removing at32f4xx_usart.o(i.USART_ReceiverWakeUpCmd), (24 bytes).
    Removing at32f4xx_usart.o(i.USART_Reset), (244 bytes).
    Removing at32f4xx_usart.o(i.USART_SendBreak), (10 bytes).
    Removing at32f4xx_usart.o(i.USART_SetAddress), (18 bytes).
    Removing at32f4xx_usart.o(i.USART_SetGuardTime), (16 bytes).
    Removing at32f4xx_usart.o(i.USART_SetPrescaler), (16 bytes).
    Removing at32f4xx_usart.o(i.USART_SmartCardCmd), (24 bytes).
    Removing at32f4xx_usart.o(i.USART_SmartCardNACKCmd), (24 bytes).
    Removing at32f4xx_usart.o(i.USART_WakeUpConfig), (18 bytes).
    Removing misc.o(.rev16_text), (4 bytes).
    Removing misc.o(.revsh_text), (4 bytes).
    Removing misc.o(.rrx_text), (6 bytes).
    Removing misc.o(i.NVIC_SetVectorTable), (20 bytes).
    Removing misc.o(i.NVIC_SystemLPConfig), (32 bytes).

112 unused section(s) (total 3890 bytes) removed from the image.

==============================================================================

Image Symbol Table

    Local Symbols

    Symbol Name                              Value     Ov Type        Size  Object(Section)

    ../clib/microlib/division.c              0x00000000   Number         0  uldiv.o ABSOLUTE
    ../clib/microlib/init/entry.s            0x00000000   Number         0  entry8a.o ABSOLUTE
    ../clib/microlib/init/entry.s            0x00000000   Number         0  entry8b.o ABSOLUTE
    ../clib/microlib/init/entry.s            0x00000000   Number         0  entry.o ABSOLUTE
    ../clib/microlib/init/entry.s            0x00000000   Number         0  entry9b.o ABSOLUTE
    ../clib/microlib/init/entry.s            0x00000000   Number         0  entry10a.o ABSOLUTE
    ../clib/microlib/init/entry.s            0x00000000   Number         0  entry9a.o ABSOLUTE
    ../clib/microlib/init/entry.s            0x00000000   Number         0  entry11b.o ABSOLUTE
    ../clib/microlib/init/entry.s            0x00000000   Number         0  entry10b.o ABSOLUTE
    ../clib/microlib/init/entry.s            0x00000000   Number         0  entry11a.o ABSOLUTE
    ../clib/microlib/init/entry.s            0x00000000   Number         0  entry7b.o ABSOLUTE
    ../clib/microlib/init/entry.s            0x00000000   Number         0  entry7a.o ABSOLUTE
    ../clib/microlib/init/entry.s            0x00000000   Number         0  entry5.o ABSOLUTE
    ../clib/microlib/init/entry.s            0x00000000   Number         0  entry2.o ABSOLUTE
    ../clib/microlib/longlong.c              0x00000000   Number         0  llshl.o ABSOLUTE
    ../clib/microlib/longlong.c              0x00000000   Number         0  llushr.o ABSOLUTE
    ../clib/microlib/stubs.s                 0x00000000   Number         0  useno.o ABSOLUTE
    ..\..\..\..\..\..\Libraries\AT32F4xx_StdPeriph_Driver\src\at32f4xx_gpio.c 0x00000000   Number         0  at32f4xx_gpio.o ABSOLUTE
    ..\..\..\..\..\..\Libraries\AT32F4xx_StdPeriph_Driver\src\at32f4xx_rcc.c 0x00000000   Number         0  at32f4xx_rcc.o ABSOLUTE
    ..\..\..\..\..\..\Libraries\AT32F4xx_StdPeriph_Driver\src\at32f4xx_usart.c 0x00000000   Number         0  at32f4xx_usart.o ABSOLUTE
    ..\..\..\..\..\..\Libraries\AT32F4xx_StdPeriph_Driver\src\misc.c 0x00000000   Number         0  misc.o ABSOLUTE
    ..\..\..\..\..\..\Libraries\CMSIS\CM4\DeviceSupport\startup\mdk\startup_at32f403avgt7.s 0x00000000   Number         0  startup_at32f403avgt7.o ABSOLUTE
    ..\..\..\..\..\AT32_Board\at32_board.c   0x00000000   Number         0  at32_board.o ABSOLUTE
    ..\\..\\..\\..\\..\\..\\Libraries\\AT32F4xx_StdPeriph_Driver\\src\\at32f4xx_gpio.c 0x00000000   Number         0  at32f4xx_gpio.o ABSOLUTE
    ..\\..\\..\\..\\..\\..\\Libraries\\AT32F4xx_StdPeriph_Driver\\src\\at32f4xx_rcc.c 0x00000000   Number         0  at32f4xx_rcc.o ABSOLUTE
    ..\\..\\..\\..\\..\\..\\Libraries\\AT32F4xx_StdPeriph_Driver\\src\\at32f4xx_usart.c 0x00000000   Number         0  at32f4xx_usart.o ABSOLUTE
    ..\\..\\..\\..\\..\\..\\Libraries\\AT32F4xx_StdPeriph_Driver\\src\\misc.c 0x00000000   Number         0  misc.o ABSOLUTE
    ..\\..\\..\\..\\..\\AT32_Board\\at32_board.c 0x00000000   Number         0  at32_board.o ABSOLUTE
    ..\\at32f4xx_it.c                        0x00000000   Number         0  at32f4xx_it.o ABSOLUTE
    ..\\main.c                               0x00000000   Number         0  main.o ABSOLUTE
    ..\\system_at32f4xx.c                    0x00000000   Number         0  system_at32f4xx.o ABSOLUTE
    ..\at32f4xx_it.c                         0x00000000   Number         0  at32f4xx_it.o ABSOLUTE
    ..\main.c                                0x00000000   Number         0  main.o ABSOLUTE
    ..\system_at32f4xx.c                     0x00000000   Number         0  system_at32f4xx.o ABSOLUTE
    dc.s                                     0x00000000   Number         0  dc.o ABSOLUTE
    handlers.s                               0x00000000   Number         0  handlers.o ABSOLUTE
    init.s                                   0x00000000   Number         0  init.o ABSOLUTE
    RESET                                    0x08000000   Section      380  startup_at32f403avgt7.o(RESET)
    .ARM.Collect$$$$00000000                 0x0800017c   Section        0  entry.o(.ARM.Collect$$$$00000000)
    .ARM.Collect$$$$00000001                 0x0800017c   Section        4  entry2.o(.ARM.Collect$$$$00000001)
    .ARM.Collect$$$$00000004                 0x08000180   Section        4  entry5.o(.ARM.Collect$$$$00000004)
    .ARM.Collect$$$$00000008                 0x08000184   Section        0  entry7b.o(.ARM.Collect$$$$00000008)
    .ARM.Collect$$$$0000000A                 0x08000184   Section        0  entry8b.o(.ARM.Collect$$$$0000000A)
    .ARM.Collect$$$$0000000B                 0x08000184   Section        8  entry9a.o(.ARM.Collect$$$$0000000B)
    .ARM.Collect$$$$0000000D                 0x0800018c   Section        0  entry10a.o(.ARM.Collect$$$$0000000D)
    .ARM.Collect$$$$0000000F                 0x0800018c   Section        0  entry11a.o(.ARM.Collect$$$$0000000F)
    .ARM.Collect$$$$00002712                 0x0800018c   Section        4  entry2.o(.ARM.Collect$$$$00002712)
    __lit__00000000                          0x0800018c   Data           4  entry2.o(.ARM.Collect$$$$00002712)
    .text                                    0x08000190   Section       36  startup_at32f403avgt7.o(.text)
    $v0                                      0x08000190   Number         0  startup_at32f403avgt7.o(.text)
    .text                                    0x080001b4   Section        0  uldiv.o(.text)
    .text                                    0x08000216   Section        0  llshl.o(.text)
    .text                                    0x08000234   Section        0  llushr.o(.text)
    .text                                    0x08000254   Section       36  init.o(.text)
    i.AT32_BUTTON_Init                       0x08000278   Section        0  at32_board.o(i.AT32_BUTTON_Init)
    i.AT32_Board_Init                        0x080002b8   Section        0  at32_board.o(i.AT32_Board_Init)
    i.AT32_LEDn_Init                         0x080002f0   Section        0  at32_board.o(i.AT32_LEDn_Init)
    i.AT32_LEDn_OFF                          0x08000338   Section        0  at32_board.o(i.AT32_LEDn_OFF)
    i.AT32_LEDn_ON                           0x08000360   Section        0  at32_board.o(i.AT32_LEDn_ON)
    i.Buffercmp                              0x08000388   Section        0  main.o(i.Buffercmp)
    i.BusFault_Handler                       0x080003ac   Section        0  at32f4xx_it.o(i.BusFault_Handler)
    i.DebugMon_Handler                       0x080003b0   Section        0  at32f4xx_it.o(i.DebugMon_Handler)
    i.Delay_init                             0x080003b4   Section        0  at32_board.o(i.Delay_init)
    i.GPIO_Configuration                     0x080003ec   Section        0  main.o(i.GPIO_Configuration)
    i.GPIO_Init                              0x08000458   Section        0  at32f4xx_gpio.o(i.GPIO_Init)
    i.GPIO_PinsRemapConfig                   0x08000570   Section        0  at32f4xx_gpio.o(i.GPIO_PinsRemapConfig)
    i.GPIO_StructInit                        0x08000ae0   Section        0  at32f4xx_gpio.o(i.GPIO_StructInit)
    i.HardFault_Handler                      0x08000af0   Section        0  at32f4xx_it.o(i.HardFault_Handler)
    i.MemManage_Handler                      0x08000af4   Section        0  at32f4xx_it.o(i.MemManage_Handler)
    i.NMI_Handler                            0x08000af8   Section        0  at32f4xx_it.o(i.NMI_Handler)
    i.NVIC_Configuration                     0x08000afa   Section        0  main.o(i.NVIC_Configuration)
    i.NVIC_Init                              0x08000b40   Section        0  misc.o(i.NVIC_Init)
    i.NVIC_PriorityGroupConfig               0x08000bb0   Section        0  misc.o(i.NVIC_PriorityGroupConfig)
    i.PendSV_Handler                         0x08000bc4   Section        0  at32f4xx_it.o(i.PendSV_Handler)
    i.RCC_APB1PeriphClockCmd                 0x08000bc8   Section        0  at32f4xx_rcc.o(i.RCC_APB1PeriphClockCmd)
    i.RCC_APB2PeriphClockCmd                 0x08000be8   Section        0  at32f4xx_rcc.o(i.RCC_APB2PeriphClockCmd)
    i.RCC_Configuration                      0x08000c08   Section        0  main.o(i.RCC_Configuration)
    i.RCC_GetClocksFreq                      0x08000c24   Section        0  at32f4xx_rcc.o(i.RCC_GetClocksFreq)
    i.RCC_StepModeCmd                        0x08000d9c   Section        0  at32f4xx_rcc.o(i.RCC_StepModeCmd)
    i.SVC_Handler                            0x08000dc0   Section        0  at32f4xx_it.o(i.SVC_Handler)
    i.SetSysClock                            0x08000dc2   Section        0  system_at32f4xx.o(i.SetSysClock)
    SetSysClock                              0x08000dc3   Thumb Code     8  system_at32f4xx.o(i.SetSysClock)
    i.SetSysClockTo240M                      0x08000dcc   Section        0  system_at32f4xx.o(i.SetSysClockTo240M)
    SetSysClockTo240M                        0x08000dcd   Thumb Code   222  system_at32f4xx.o(i.SetSysClockTo240M)
    i.SysTick_CLKSourceConfig                0x08000eb8   Section        0  misc.o(i.SysTick_CLKSourceConfig)
    i.SysTick_Handler                        0x08000ee0   Section        0  at32f4xx_it.o(i.SysTick_Handler)
    i.SystemInit                             0x08000ee4   Section        0  system_at32f4xx.o(i.SystemInit)
    i.USART2_IRQHandler                      0x08000f68   Section        0  at32f4xx_it.o(i.USART2_IRQHandler)
    i.USART3_IRQHandler                      0x08000ffc   Section        0  at32f4xx_it.o(i.USART3_IRQHandler)
    i.USART_Cmd                              0x08001090   Section        0  at32f4xx_usart.o(i.USART_Cmd)
    i.USART_GetITStatus                      0x080010a8   Section        0  at32f4xx_usart.o(i.USART_GetITStatus)
    i.USART_INTConfig                        0x080010fc   Section        0  at32f4xx_usart.o(i.USART_INTConfig)
    i.USART_Init                             0x08001148   Section        0  at32f4xx_usart.o(i.USART_Init)
    i.USART_ReceiveData                      0x0800125c   Section        0  at32f4xx_usart.o(i.USART_ReceiveData)
    i.USART_SendData                         0x08001266   Section        0  at32f4xx_usart.o(i.USART_SendData)
    i.USART_StructInit                       0x0800126e   Section        0  at32f4xx_usart.o(i.USART_StructInit)
    i.UsageFault_Handler                     0x08001286   Section        0  at32f4xx_it.o(i.UsageFault_Handler)
    i.__scatterload_copy                     0x0800128a   Section       14  handlers.o(i.__scatterload_copy)
    i.__scatterload_null                     0x08001298   Section        2  handlers.o(i.__scatterload_null)
    i.__scatterload_zeroinit                 0x0800129a   Section       14  handlers.o(i.__scatterload_zeroinit)
    i.main                                   0x080012a8   Section        0  main.o(i.main)
    .constdata                               0x080013a4   Section       16  at32f4xx_rcc.o(.constdata)
    APBAHBPscTable                           0x080013a4   Data           8  at32f4xx_rcc.o(.constdata)
    ADCPscTable                              0x080013ac   Data           8  at32f4xx_rcc.o(.constdata)
    .data                                    0x20000000   Section      126  main.o(.data)
    .data                                    0x20000080   Section       73  at32_board.o(.data)
    fac_us                                   0x200000c0   Data           4  at32_board.o(.data)
    fac_ms                                   0x200000c4   Data           4  at32_board.o(.data)
    Pressed                                  0x200000c8   Data           1  at32_board.o(.data)
    .data                                    0x200000cc   Section       20  system_at32f4xx.o(.data)
    .bss                                     0x200000e0   Section      130  main.o(.bss)
    STACK                                    0x20000168   Section     1024  startup_at32f403avgt7.o(STACK)

    Global Symbols

    Symbol Name                              Value     Ov Type        Size  Object(Section)

    BuildAttributes$$THM_ISAv4$E$P$D$K$B$S$7EM$VFPi3$EXTD16$VFPS$VFMA$PE$A:L22UL41UL21$X:L11$S22US41US21$IEEE1$IW$USESV6$~STKCKD$USESV7$~SHL$OSPACE$EBA8$MICROLIB$REQ8$PRES8$EABIv2 0x00000000   Number         0  anon$$obj.o ABSOLUTE
    __ARM_use_no_argv                        0x00000000   Number         0  main.o ABSOLUTE
    __use_no_errno                           0x00000000   Number         0  useno.o ABSOLUTE
    __use_no_exception_handling              0x00000000   Number         0  useno.o ABSOLUTE
    __use_no_fp                              0x00000000   Number         0  useno.o ABSOLUTE
    __use_no_heap                            0x00000000   Number         0  useno.o ABSOLUTE
    __use_no_heap_region                     0x00000000   Number         0  useno.o ABSOLUTE
    __use_no_semihosting                     0x00000000   Number         0  useno.o ABSOLUTE
    __use_no_semihosting_swi                 0x00000000   Number         0  useno.o ABSOLUTE
    __use_no_signal_handling                 0x00000000   Number         0  useno.o ABSOLUTE
    __cpp_initialize__aeabi_                  - Undefined Weak Reference
    __cxa_finalize                            - Undefined Weak Reference
    __decompress                              - Undefined Weak Reference
    _clock_init                               - Undefined Weak Reference
    _microlib_exit                            - Undefined Weak Reference
    __Vectors_Size                           0x0000017c   Number         0  startup_at32f403avgt7.o ABSOLUTE
    __Vectors                                0x08000000   Data           4  startup_at32f403avgt7.o(RESET)
    __Vectors_End                            0x0800017c   Data           0  startup_at32f403avgt7.o(RESET)
    __main                                   0x0800017d   Thumb Code     0  entry.o(.ARM.Collect$$$$00000000)
    _main_stk                                0x0800017d   Thumb Code     0  entry2.o(.ARM.Collect$$$$00000001)
    _main_scatterload                        0x08000181   Thumb Code     0  entry5.o(.ARM.Collect$$$$00000004)
    __main_after_scatterload                 0x08000185   Thumb Code     0  entry5.o(.ARM.Collect$$$$00000004)
    _main_clock                              0x08000185   Thumb Code     0  entry7b.o(.ARM.Collect$$$$00000008)
    _main_cpp_init                           0x08000185   Thumb Code     0  entry8b.o(.ARM.Collect$$$$0000000A)
    _main_init                               0x08000185   Thumb Code     0  entry9a.o(.ARM.Collect$$$$0000000B)
    __rt_final_cpp                           0x0800018d   Thumb Code     0  entry10a.o(.ARM.Collect$$$$0000000D)
    __rt_final_exit                          0x0800018d   Thumb Code     0  entry11a.o(.ARM.Collect$$$$0000000F)
    Reset_Handler                            0x08000191   Thumb Code     8  startup_at32f403avgt7.o(.text)
    ACC_IRQHandler                           0x080001ab   Thumb Code     0  startup_at32f403avgt7.o(.text)
    ADC1_2_IRQHandler                        0x080001ab   Thumb Code     0  startup_at32f403avgt7.o(.text)
    ADC3_IRQHandler                          0x080001ab   Thumb Code     0  startup_at32f403avgt7.o(.text)
    CAN1_RX1_IRQHandler                      0x080001ab   Thumb Code     0  startup_at32f403avgt7.o(.text)
    CAN1_SCE_IRQHandler                      0x080001ab   Thumb Code     0  startup_at32f403avgt7.o(.text)
    CAN2_RX0_IRQHandler                      0x080001ab   Thumb Code     0  startup_at32f403avgt7.o(.text)
    CAN2_RX1_IRQHandler                      0x080001ab   Thumb Code     0  startup_at32f403avgt7.o(.text)
    CAN2_SCE_IRQHandler                      0x080001ab   Thumb Code     0  startup_at32f403avgt7.o(.text)
    CAN2_TX_IRQHandler                       0x080001ab   Thumb Code     0  startup_at32f403avgt7.o(.text)
    DMA1_Channel1_IRQHandler                 0x080001ab   Thumb Code     0  startup_at32f403avgt7.o(.text)
    DMA1_Channel2_IRQHandler                 0x080001ab   Thumb Code     0  startup_at32f403avgt7.o(.text)
    DMA1_Channel3_IRQHandler                 0x080001ab   Thumb Code     0  startup_at32f403avgt7.o(.text)
    DMA1_Channel4_IRQHandler                 0x080001ab   Thumb Code     0  startup_at32f403avgt7.o(.text)
    DMA1_Channel5_IRQHandler                 0x080001ab   Thumb Code     0  startup_at32f403avgt7.o(.text)
    DMA1_Channel6_IRQHandler                 0x080001ab   Thumb Code     0  startup_at32f403avgt7.o(.text)
    DMA1_Channel7_IRQHandler                 0x080001ab   Thumb Code     0  startup_at32f403avgt7.o(.text)
    DMA2_Channel1_IRQHandler                 0x080001ab   Thumb Code     0  startup_at32f403avgt7.o(.text)
    DMA2_Channel2_IRQHandler                 0x080001ab   Thumb Code     0  startup_at32f403avgt7.o(.text)
    DMA2_Channel3_IRQHandler                 0x080001ab   Thumb Code     0  startup_at32f403avgt7.o(.text)
    DMA2_Channel4_5_IRQHandler               0x080001ab   Thumb Code     0  startup_at32f403avgt7.o(.text)
    DMA2_Channel6_7_IRQHandler               0x080001ab   Thumb Code     0  startup_at32f403avgt7.o(.text)
    EXTI0_IRQHandler                         0x080001ab   Thumb Code     0  startup_at32f403avgt7.o(.text)
    EXTI15_10_IRQHandler                     0x080001ab   Thumb Code     0  startup_at32f403avgt7.o(.text)
    EXTI1_IRQHandler                         0x080001ab   Thumb Code     0  startup_at32f403avgt7.o(.text)
    EXTI2_IRQHandler                         0x080001ab   Thumb Code     0  startup_at32f403avgt7.o(.text)
    EXTI3_IRQHandler                         0x080001ab   Thumb Code     0  startup_at32f403avgt7.o(.text)
    EXTI4_IRQHandler                         0x080001ab   Thumb Code     0  startup_at32f403avgt7.o(.text)
    EXTI9_5_IRQHandler                       0x080001ab   Thumb Code     0  startup_at32f403avgt7.o(.text)
    FLASH_IRQHandler                         0x080001ab   Thumb Code     0  startup_at32f403avgt7.o(.text)
    I2C1_ER_IRQHandler                       0x080001ab   Thumb Code     0  startup_at32f403avgt7.o(.text)
    I2C1_EV_IRQHandler                       0x080001ab   Thumb Code     0  startup_at32f403avgt7.o(.text)
    I2C2_ER_IRQHandler                       0x080001ab   Thumb Code     0  startup_at32f403avgt7.o(.text)
    I2C2_EV_IRQHandler                       0x080001ab   Thumb Code     0  startup_at32f403avgt7.o(.text)
    I2C3_ER_IRQHandler                       0x080001ab   Thumb Code     0  startup_at32f403avgt7.o(.text)
    I2C3_EV_IRQHandler                       0x080001ab   Thumb Code     0  startup_at32f403avgt7.o(.text)
    PVD_IRQHandler                           0x080001ab   Thumb Code     0  startup_at32f403avgt7.o(.text)
    RCC_IRQHandler                           0x080001ab   Thumb Code     0  startup_at32f403avgt7.o(.text)
    RTCAlarm_IRQHandler                      0x080001ab   Thumb Code     0  startup_at32f403avgt7.o(.text)
    RTC_IRQHandler                           0x080001ab   Thumb Code     0  startup_at32f403avgt7.o(.text)
    SDIO1_IRQHandler                         0x080001ab   Thumb Code     0  startup_at32f403avgt7.o(.text)
    SDIO2_IRQHandler                         0x080001ab   Thumb Code     0  startup_at32f403avgt7.o(.text)
    SPI1_IRQHandler                          0x080001ab   Thumb Code     0  startup_at32f403avgt7.o(.text)
    SPI2_I2S2EXT_IRQHandler                  0x080001ab   Thumb Code     0  startup_at32f403avgt7.o(.text)
    SPI3_I2S3EXT_IRQHandler                  0x080001ab   Thumb Code     0  startup_at32f403avgt7.o(.text)
    SPI4_IRQHandler                          0x080001ab   Thumb Code     0  startup_at32f403avgt7.o(.text)
    TAMPER_IRQHandler                        0x080001ab   Thumb Code     0  startup_at32f403avgt7.o(.text)
    TMR1_BRK_TMR9_IRQHandler                 0x080001ab   Thumb Code     0  startup_at32f403avgt7.o(.text)
    TMR1_CC_IRQHandler                       0x080001ab   Thumb Code     0  startup_at32f403avgt7.o(.text)
    TMR1_OV_TMR10_IRQHandler                 0x080001ab   Thumb Code     0  startup_at32f403avgt7.o(.text)
    TMR1_TRG_COM_TMR11_IRQHandler            0x080001ab   Thumb Code     0  startup_at32f403avgt7.o(.text)
    TMR2_GLOBAL_IRQHandler                   0x080001ab   Thumb Code     0  startup_at32f403avgt7.o(.text)
    TMR3_GLOBAL_IRQHandler                   0x080001ab   Thumb Code     0  startup_at32f403avgt7.o(.text)
    TMR4_GLOBAL_IRQHandler                   0x080001ab   Thumb Code     0  startup_at32f403avgt7.o(.text)
    TMR5_GLOBAL_IRQHandler                   0x080001ab   Thumb Code     0  startup_at32f403avgt7.o(.text)
    TMR6_GLOBAL_IRQHandler                   0x080001ab   Thumb Code     0  startup_at32f403avgt7.o(.text)
    TMR7_GLOBAL_IRQHandler                   0x080001ab   Thumb Code     0  startup_at32f403avgt7.o(.text)
    TMR8_BRK_TMR12_IRQHandler                0x080001ab   Thumb Code     0  startup_at32f403avgt7.o(.text)
    TMR8_CC_IRQHandler                       0x080001ab   Thumb Code     0  startup_at32f403avgt7.o(.text)
    TMR8_OV_TMR13_IRQHandler                 0x080001ab   Thumb Code     0  startup_at32f403avgt7.o(.text)
    TMR8_TRG_COM_TMR14_IRQHandler            0x080001ab   Thumb Code     0  startup_at32f403avgt7.o(.text)
    UART4_IRQHandler                         0x080001ab   Thumb Code     0  startup_at32f403avgt7.o(.text)
    UART5_IRQHandler                         0x080001ab   Thumb Code     0  startup_at32f403avgt7.o(.text)
    UART7_IRQHandler                         0x080001ab   Thumb Code     0  startup_at32f403avgt7.o(.text)
    UART8_IRQHandler                         0x080001ab   Thumb Code     0  startup_at32f403avgt7.o(.text)
    USART1_IRQHandler                        0x080001ab   Thumb Code     0  startup_at32f403avgt7.o(.text)
    USART6_IRQHandler                        0x080001ab   Thumb Code     0  startup_at32f403avgt7.o(.text)
    USBWakeUp_IRQHandler                     0x080001ab   Thumb Code     0  startup_at32f403avgt7.o(.text)
    USB_HP_CAN1_TX_IRQHandler                0x080001ab   Thumb Code     0  startup_at32f403avgt7.o(.text)
    USB_HP_IRQHandler                        0x080001ab   Thumb Code     0  startup_at32f403avgt7.o(.text)
    USB_LP_CAN1_RX0_IRQHandler               0x080001ab   Thumb Code     0  startup_at32f403avgt7.o(.text)
    USB_LP_IRQHandler                        0x080001ab   Thumb Code     0  startup_at32f403avgt7.o(.text)
    WWDG_IRQHandler                          0x080001ab   Thumb Code     0  startup_at32f403avgt7.o(.text)
    XMC_IRQHandler                           0x080001ab   Thumb Code     0  startup_at32f403avgt7.o(.text)
    __aeabi_uldivmod                         0x080001b5   Thumb Code    98  uldiv.o(.text)
    __aeabi_llsl                             0x08000217   Thumb Code    30  llshl.o(.text)
    _ll_shift_l                              0x08000217   Thumb Code     0  llshl.o(.text)
    __aeabi_llsr                             0x08000235   Thumb Code    32  llushr.o(.text)
    _ll_ushift_r                             0x08000235   Thumb Code     0  llushr.o(.text)
    __scatterload                            0x08000255   Thumb Code    28  init.o(.text)
    __scatterload_rt2                        0x08000255   Thumb Code     0  init.o(.text)
    AT32_BUTTON_Init                         0x08000279   Thumb Code    52  at32_board.o(i.AT32_BUTTON_Init)
    AT32_Board_Init                          0x080002b9   Thumb Code    56  at32_board.o(i.AT32_Board_Init)
    AT32_LEDn_Init                           0x080002f1   Thumb Code    58  at32_board.o(i.AT32_LEDn_Init)
    AT32_LEDn_OFF                            0x08000339   Thumb Code    32  at32_board.o(i.AT32_LEDn_OFF)
    AT32_LEDn_ON                             0x08000361   Thumb Code    32  at32_board.o(i.AT32_LEDn_ON)
    Buffercmp                                0x08000389   Thumb Code    36  main.o(i.Buffercmp)
    BusFault_Handler                         0x080003ad   Thumb Code     4  at32f4xx_it.o(i.BusFault_Handler)
    DebugMon_Handler                         0x080003b1   Thumb Code     2  at32f4xx_it.o(i.DebugMon_Handler)
    Delay_init                               0x080003b5   Thumb Code    38  at32_board.o(i.Delay_init)
    GPIO_Configuration                       0x080003ed   Thumb Code    98  main.o(i.GPIO_Configuration)
    GPIO_Init                                0x08000459   Thumb Code   278  at32f4xx_gpio.o(i.GPIO_Init)
    GPIO_PinsRemapConfig                     0x08000571   Thumb Code  1388  at32f4xx_gpio.o(i.GPIO_PinsRemapConfig)
    GPIO_StructInit                          0x08000ae1   Thumb Code    16  at32f4xx_gpio.o(i.GPIO_StructInit)
    HardFault_Handler                        0x08000af1   Thumb Code     4  at32f4xx_it.o(i.HardFault_Handler)
    MemManage_Handler                        0x08000af5   Thumb Code     4  at32f4xx_it.o(i.MemManage_Handler)
    NMI_Handler                              0x08000af9   Thumb Code     2  at32f4xx_it.o(i.NMI_Handler)
    NVIC_Configuration                       0x08000afb   Thumb Code    68  main.o(i.NVIC_Configuration)
    NVIC_Init                                0x08000b41   Thumb Code   100  misc.o(i.NVIC_Init)
    NVIC_PriorityGroupConfig                 0x08000bb1   Thumb Code    10  misc.o(i.NVIC_PriorityGroupConfig)
    PendSV_Handler                           0x08000bc5   Thumb Code     2  at32f4xx_it.o(i.PendSV_Handler)
    RCC_APB1PeriphClockCmd                   0x08000bc9   Thumb Code    26  at32f4xx_rcc.o(i.RCC_APB1PeriphClockCmd)
    RCC_APB2PeriphClockCmd                   0x08000be9   Thumb Code    26  at32f4xx_rcc.o(i.RCC_APB2PeriphClockCmd)
    RCC_Configuration                        0x08000c09   Thumb Code    28  main.o(i.RCC_Configuration)
    RCC_GetClocksFreq                        0x08000c25   Thumb Code   344  at32f4xx_rcc.o(i.RCC_GetClocksFreq)
    RCC_StepModeCmd                          0x08000d9d   Thumb Code    32  at32f4xx_rcc.o(i.RCC_StepModeCmd)
    SVC_Handler                              0x08000dc1   Thumb Code     2  at32f4xx_it.o(i.SVC_Handler)
    SysTick_CLKSourceConfig                  0x08000eb9   Thumb Code    40  misc.o(i.SysTick_CLKSourceConfig)
    SysTick_Handler                          0x08000ee1   Thumb Code     2  at32f4xx_it.o(i.SysTick_Handler)
    SystemInit                               0x08000ee5   Thumb Code   106  system_at32f4xx.o(i.SystemInit)
    USART2_IRQHandler                        0x08000f69   Thumb Code   118  at32f4xx_it.o(i.USART2_IRQHandler)
    USART3_IRQHandler                        0x08000ffd   Thumb Code   118  at32f4xx_it.o(i.USART3_IRQHandler)
    USART_Cmd                                0x08001091   Thumb Code    24  at32f4xx_usart.o(i.USART_Cmd)
    USART_GetITStatus                        0x080010a9   Thumb Code    84  at32f4xx_usart.o(i.USART_GetITStatus)
    USART_INTConfig                          0x080010fd   Thumb Code    74  at32f4xx_usart.o(i.USART_INTConfig)
    USART_Init                               0x08001149   Thumb Code   258  at32f4xx_usart.o(i.USART_Init)
    USART_ReceiveData                        0x0800125d   Thumb Code    10  at32f4xx_usart.o(i.USART_ReceiveData)
    USART_SendData                           0x08001267   Thumb Code     8  at32f4xx_usart.o(i.USART_SendData)
    USART_StructInit                         0x0800126f   Thumb Code    24  at32f4xx_usart.o(i.USART_StructInit)
    UsageFault_Handler                       0x08001287   Thumb Code     4  at32f4xx_it.o(i.UsageFault_Handler)
    __scatterload_copy                       0x0800128b   Thumb Code    14  handlers.o(i.__scatterload_copy)
    __scatterload_null                       0x08001299   Thumb Code     2  handlers.o(i.__scatterload_null)
    __scatterload_zeroinit                   0x0800129b   Thumb Code    14  handlers.o(i.__scatterload_zeroinit)
    main                                     0x080012a9   Thumb Code   208  main.o(i.main)
    Region$$Table$$Base                      0x080013b4   Number         0  anon$$obj.o(Region$$Table)
    Region$$Table$$Limit                     0x080013d4   Number         0  anon$$obj.o(Region$$Table)
    TxBuffer1                                0x20000000   Data          58  main.o(.data)
    TxBuffer2                                0x2000003a   Data          58  main.o(.data)
    TxCounter1                               0x20000074   Data           1  main.o(.data)
    TxCounter2                               0x20000075   Data           1  main.o(.data)
    RxCounter1                               0x20000076   Data           1  main.o(.data)
    RxCounter2                               0x20000077   Data           1  main.o(.data)
    NbrOfDataToTransfer1                     0x20000078   Data           1  main.o(.data)
    NbrOfDataToTransfer2                     0x20000079   Data           1  main.o(.data)
    NbrOfDataToRead1                         0x2000007a   Data           1  main.o(.data)
    NbrOfDataToRead2                         0x2000007b   Data           1  main.o(.data)
    TransferStatus1                          0x2000007c   Data           1  main.o(.data)
    TransferStatus2                          0x2000007d   Data           1  main.o(.data)
    __stdout                                 0x20000080   Data           4  at32_board.o(.data)
    LED_GPIO_PORT                            0x20000084   Data          16  at32_board.o(.data)
    LED_GPIO_PIN                             0x20000094   Data           8  at32_board.o(.data)
    LED_GPIO_RCC_CLK                         0x2000009c   Data          16  at32_board.o(.data)
    BUTTON_GPIO_PORT                         0x200000ac   Data           8  at32_board.o(.data)
    BUTTON_GPIO_PIN                          0x200000b4   Data           4  at32_board.o(.data)
    BUTTON_GPIO_RCC_CLK                      0x200000b8   Data           8  at32_board.o(.data)
    SystemCoreClock                          0x200000cc   Data           4  system_at32f4xx.o(.data)
    AHBPscTable                              0x200000d0   Data          16  system_at32f4xx.o(.data)
    USART_InitStructure                      0x200000e0   Data          16  main.o(.bss)
    RxBuffer1                                0x200000f0   Data          57  main.o(.bss)
    RxBuffer2                                0x20000129   Data          57  main.o(.bss)
    __initial_sp                             0x20000568   Data           0  startup_at32f403avgt7.o(STACK)



==============================================================================

Memory Map of the image

  Image Entry point : 0x0800017d

  Load Region LR_IROM1 (Base: 0x08000000, Size: 0x000014b4, Max: 0x00100000, ABSOLUTE)

    Execution Region ER_IROM1 (Exec base: 0x08000000, Load base: 0x08000000, Size: 0x000013d4, Max: 0x00100000, ABSOLUTE)

    Exec Addr    Load Addr    Size         Type   Attr      Idx    E Section Name        Object

    0x08000000   0x08000000   0x0000017c   Data   RO          423    RESET               startup_at32f403avgt7.o
    0x0800017c   0x0800017c   0x00000000   Code   RO         1063  * .ARM.Collect$$$$00000000  mc_w.l(entry.o)
    0x0800017c   0x0800017c   0x00000004   Code   RO         1068    .ARM.Collect$$$$00000001  mc_w.l(entry2.o)
    0x08000180   0x08000180   0x00000004   Code   RO         1071    .ARM.Collect$$$$00000004  mc_w.l(entry5.o)
    0x08000184   0x08000184   0x00000000   Code   RO         1073    .ARM.Collect$$$$00000008  mc_w.l(entry7b.o)
    0x08000184   0x08000184   0x00000000   Code   RO         1075    .ARM.Collect$$$$0000000A  mc_w.l(entry8b.o)
    0x08000184   0x08000184   0x00000008   Code   RO         1076    .ARM.Collect$$$$0000000B  mc_w.l(entry9a.o)
    0x0800018c   0x0800018c   0x00000000   Code   RO         1078    .ARM.Collect$$$$0000000D  mc_w.l(entry10a.o)
    0x0800018c   0x0800018c   0x00000000   Code   RO         1080    .ARM.Collect$$$$0000000F  mc_w.l(entry11a.o)
    0x0800018c   0x0800018c   0x00000004   Code   RO         1069    .ARM.Collect$$$$00002712  mc_w.l(entry2.o)
    0x08000190   0x08000190   0x00000024   Code   RO          424    .text               startup_at32f403avgt7.o
    0x080001b4   0x080001b4   0x00000062   Code   RO         1066    .text               mc_w.l(uldiv.o)
    0x08000216   0x08000216   0x0000001e   Code   RO         1082    .text               mc_w.l(llshl.o)
    0x08000234   0x08000234   0x00000020   Code   RO         1084    .text               mc_w.l(llushr.o)
    0x08000254   0x08000254   0x00000024   Code   RO         1086    .text               mc_w.l(init.o)
    0x08000278   0x08000278   0x00000040   Code   RO          257    i.AT32_BUTTON_Init  at32_board.o
    0x080002b8   0x080002b8   0x00000038   Code   RO          260    i.AT32_Board_Init   at32_board.o
    0x080002f0   0x080002f0   0x00000048   Code   RO          261    i.AT32_LEDn_Init    at32_board.o
    0x08000338   0x08000338   0x00000028   Code   RO          262    i.AT32_LEDn_OFF     at32_board.o
    0x08000360   0x08000360   0x00000028   Code   RO          263    i.AT32_LEDn_ON      at32_board.o
    0x08000388   0x08000388   0x00000024   Code   RO            4    i.Buffercmp         main.o
    0x080003ac   0x080003ac   0x00000004   Code   RO          169    i.BusFault_Handler  at32f4xx_it.o
    0x080003b0   0x080003b0   0x00000002   Code   RO          170    i.DebugMon_Handler  at32f4xx_it.o
    0x080003b2   0x080003b2   0x00000002   PAD
    0x080003b4   0x080003b4   0x00000038   Code   RO          266    i.Delay_init        at32_board.o
    0x080003ec   0x080003ec   0x0000006c   Code   RO            5    i.GPIO_Configuration  main.o
    0x08000458   0x08000458   0x00000116   Code   RO          436    i.GPIO_Init         at32f4xx_gpio.o
    0x0800056e   0x0800056e   0x00000002   PAD
    0x08000570   0x08000570   0x00000570   Code   RO          440    i.GPIO_PinsRemapConfig  at32f4xx_gpio.o
    0x08000ae0   0x08000ae0   0x00000010   Code   RO          448    i.GPIO_StructInit   at32f4xx_gpio.o
    0x08000af0   0x08000af0   0x00000004   Code   RO          171    i.HardFault_Handler  at32f4xx_it.o
    0x08000af4   0x08000af4   0x00000004   Code   RO          172    i.MemManage_Handler  at32f4xx_it.o
    0x08000af8   0x08000af8   0x00000002   Code   RO          173    i.NMI_Handler       at32f4xx_it.o
    0x08000afa   0x08000afa   0x00000044   Code   RO            6    i.NVIC_Configuration  main.o
    0x08000b3e   0x08000b3e   0x00000002   PAD
    0x08000b40   0x08000b40   0x00000070   Code   RO         1018    i.NVIC_Init         misc.o
    0x08000bb0   0x08000bb0   0x00000014   Code   RO         1019    i.NVIC_PriorityGroupConfig  misc.o
    0x08000bc4   0x08000bc4   0x00000002   Code   RO          174    i.PendSV_Handler    at32f4xx_it.o
    0x08000bc6   0x08000bc6   0x00000002   PAD
    0x08000bc8   0x08000bc8   0x00000020   Code   RO          578    i.RCC_APB1PeriphClockCmd  at32f4xx_rcc.o
    0x08000be8   0x08000be8   0x00000020   Code   RO          581    i.RCC_APB2PeriphClockCmd  at32f4xx_rcc.o
    0x08000c08   0x08000c08   0x0000001c   Code   RO            7    i.RCC_Configuration  main.o
    0x08000c24   0x08000c24   0x00000178   Code   RO          587    i.RCC_GetClocksFreq  at32f4xx_rcc.o
    0x08000d9c   0x08000d9c   0x00000024   Code   RO          610    i.RCC_StepModeCmd   at32f4xx_rcc.o
    0x08000dc0   0x08000dc0   0x00000002   Code   RO          175    i.SVC_Handler       at32f4xx_it.o
    0x08000dc2   0x08000dc2   0x00000008   Code   RO          378    i.SetSysClock       system_at32f4xx.o
    0x08000dca   0x08000dca   0x00000002   PAD
    0x08000dcc   0x08000dcc   0x000000ec   Code   RO          379    i.SetSysClockTo240M  system_at32f4xx.o
    0x08000eb8   0x08000eb8   0x00000028   Code   RO         1022    i.SysTick_CLKSourceConfig  misc.o
    0x08000ee0   0x08000ee0   0x00000002   Code   RO          176    i.SysTick_Handler   at32f4xx_it.o
    0x08000ee2   0x08000ee2   0x00000002   PAD
    0x08000ee4   0x08000ee4   0x00000084   Code   RO          381    i.SystemInit        system_at32f4xx.o
    0x08000f68   0x08000f68   0x00000094   Code   RO          177    i.USART2_IRQHandler  at32f4xx_it.o
    0x08000ffc   0x08000ffc   0x00000094   Code   RO          178    i.USART3_IRQHandler  at32f4xx_it.o
    0x08001090   0x08001090   0x00000018   Code   RO          842    i.USART_Cmd         at32f4xx_usart.o
    0x080010a8   0x080010a8   0x00000054   Code   RO          845    i.USART_GetITStatus  at32f4xx_usart.o
    0x080010fc   0x080010fc   0x0000004a   Code   RO          847    i.USART_INTConfig   at32f4xx_usart.o
    0x08001146   0x08001146   0x00000002   PAD
    0x08001148   0x08001148   0x00000114   Code   RO          848    i.USART_Init        at32f4xx_usart.o
    0x0800125c   0x0800125c   0x0000000a   Code   RO          853    i.USART_ReceiveData  at32f4xx_usart.o
    0x08001266   0x08001266   0x00000008   Code   RO          857    i.USART_SendData    at32f4xx_usart.o
    0x0800126e   0x0800126e   0x00000018   Code   RO          863    i.USART_StructInit  at32f4xx_usart.o
    0x08001286   0x08001286   0x00000004   Code   RO          179    i.UsageFault_Handler  at32f4xx_it.o
    0x0800128a   0x0800128a   0x0000000e   Code   RO         1090    i.__scatterload_copy  mc_w.l(handlers.o)
    0x08001298   0x08001298   0x00000002   Code   RO         1091    i.__scatterload_null  mc_w.l(handlers.o)
    0x0800129a   0x0800129a   0x0000000e   Code   RO         1092    i.__scatterload_zeroinit  mc_w.l(handlers.o)
    0x080012a8   0x080012a8   0x000000fc   Code   RO            8    i.main              main.o
    0x080013a4   0x080013a4   0x00000010   Data   RO          614    .constdata          at32f4xx_rcc.o
    0x080013b4   0x080013b4   0x00000020   Data   RO         1088    Region$$Table       anon$$obj.o


    Execution Region RW_IRAM1 (Exec base: 0x20000000, Load base: 0x080013d4, Size: 0x00000568, Max: 0x00038000, ABSOLUTE)

    Exec Addr    Load Addr    Size         Type   Attr      Idx    E Section Name        Object

    0x20000000   0x080013d4   0x0000007e   Data   RW           10    .data               main.o
    0x2000007e   0x08001452   0x00000002   PAD
    0x20000080   0x08001454   0x00000049   Data   RW          273    .data               at32_board.o
    0x200000c9   0x0800149d   0x00000003   PAD
    0x200000cc   0x080014a0   0x00000014   Data   RW          382    .data               system_at32f4xx.o
    0x200000e0        -       0x00000082   Zero   RW            9    .bss                main.o
    0x20000162   0x080014b4   0x00000006   PAD
    0x20000168        -       0x00000400   Zero   RW          421    STACK               startup_at32f403avgt7.o


==============================================================================

Image component sizes


      Code (inc. data)   RO Data    RW Data    ZI Data      Debug   Object Name

       328         60          0         73          0       6917   at32_board.o
      1686         26          0          0          0       4753   at32f4xx_gpio.o
       322         60          0          0          0       5894   at32f4xx_it.o
       476         48         16          0          0       5468   at32f4xx_rcc.o
       500         18          0          0          0       7499   at32f4xx_usart.o
       492         54          0        126        130     268871   main.o
       172         22          0          0          0       2749   misc.o
        36          8        380          0       1024       1016   startup_at32f403avgt7.o
       376         40          0         20          0       2603   system_at32f4xx.o

    ----------------------------------------------------------------------
      4402        336        428        224       1160     305770   Object Totals
         0          0         32          0          0          0   (incl. Generated)
        14          0          0          5          6          0   (incl. Padding)

    ----------------------------------------------------------------------

      Code (inc. data)   RO Data    RW Data    ZI Data      Debug   Library Member Name

         0          0          0          0          0          0   entry.o
         0          0          0          0          0          0   entry10a.o
         0          0          0          0          0          0   entry11a.o
         8          4          0          0          0          0   entry2.o
         4          0          0          0          0          0   entry5.o
         0          0          0          0          0          0   entry7b.o
         0          0          0          0          0          0   entry8b.o
         8          4          0          0          0          0   entry9a.o
        30          0          0          0          0          0   handlers.o
        36          8          0          0          0         68   init.o
        30          0          0          0          0         68   llshl.o
        32          0          0          0          0         68   llushr.o
        98          0          0          0          0         92   uldiv.o

    ----------------------------------------------------------------------
       246         16          0          0          0        296   Library Totals
         0          0          0          0          0          0   (incl. Padding)

    ----------------------------------------------------------------------

      Code (inc. data)   RO Data    RW Data    ZI Data      Debug   Library Name

       246         16          0          0          0        296   mc_w.l

    ----------------------------------------------------------------------
       246         16          0          0          0        296   Library Totals

    ----------------------------------------------------------------------

==============================================================================


      Code (inc. data)   RO Data    RW Data    ZI Data      Debug   

      4648        352        428        224       1160     302518   Grand Totals
      4648        352        428        224       1160     302518   ELF Image Totals
      4648        352        428        224          0          0   ROM Totals

==============================================================================

    Total RO  Size (Code + RO Data)                 5076 (   4.96kB)
    Total RW  Size (RW Data + ZI Data)              1384 (   1.35kB)
    Total ROM Size (Code + RO Data + RW Data)       5300 (   5.18kB)

==============================================================================

